Archive member included to satisfy reference by file (symbol)

.pio/build/nucleo_f103rb/libc4c/libCrypto.a(AES128.cpp.o)
                              .pio/build/nucleo_f103rb/src/algorithms/tinyaes_exp.cpp.o (AESTiny128::setKey(unsigned char const*, unsigned int))
.pio/build/nucleo_f103rb/libc4c/libCrypto.a(AESCommon.cpp.o)
                              .pio/build/nucleo_f103rb/libc4c/libCrypto.a(AES128.cpp.o) (AESCommon::blockSize() const)
.pio/build/nucleo_f103rb/libc4c/libCrypto.a(BlockCipher.cpp.o)
                              .pio/build/nucleo_f103rb/libc4c/libCrypto.a(AES128.cpp.o) (BlockCipher::BlockCipher())
.pio/build/nucleo_f103rb/libc4c/libCrypto.a(Crypto.cpp.o)
                              .pio/build/nucleo_f103rb/libc4c/libCrypto.a(AES128.cpp.o) (clean(void*, unsigned int))
.pio/build/nucleo_f103rb/libFrameworkArduino.a(HardwareSerial.cpp.o)
                              .pio/build/nucleo_f103rb/src/algorithms/hight_exp.cpp.o (Serial2)
.pio/build/nucleo_f103rb/libFrameworkArduino.a(Print.cpp.o)
                              .pio/build/nucleo_f103rb/src/algorithms/hight_exp.cpp.o (Print::print(__FlashStringHelper const*))
.pio/build/nucleo_f103rb/libFrameworkArduino.a(Stream.cpp.o)
                              .pio/build/nucleo_f103rb/libFrameworkArduino.a(HardwareSerial.cpp.o) (Stream::readBytes(char*, unsigned int))
.pio/build/nucleo_f103rb/libFrameworkArduino.a(WString.cpp.o)
                              .pio/build/nucleo_f103rb/libFrameworkArduino.a(Stream.cpp.o) (String::String(char const*))
.pio/build/nucleo_f103rb/libFrameworkArduino.a(dtostrf.c.o)
                              .pio/build/nucleo_f103rb/libFrameworkArduino.a(WString.cpp.o) (dtostrf)
.pio/build/nucleo_f103rb/libFrameworkArduino.a(itoa.c.o)
                              .pio/build/nucleo_f103rb/libFrameworkArduino.a(WString.cpp.o) (ltoa)
.pio/build/nucleo_f103rb/libFrameworkArduino.a(main.cpp.o)
                              /Users/tylerfield/.platformio/packages/toolchain-gccarmnoneeabi/bin/../lib/gcc/arm-none-eabi/12.3.1/../../../../arm-none-eabi/lib/thumb/v7-m/nofp/crt0.o (main)
.pio/build/nucleo_f103rb/libFrameworkArduino.a(pins_arduino.c.o)
                              .pio/build/nucleo_f103rb/SrcWrapper/src/HardwareTimer.cpp.o (pinNametoDigitalPin)
.pio/build/nucleo_f103rb/libFrameworkArduino.a(startup_stm32yyxx.S.o)
                              (Reset_Handler)
.pio/build/nucleo_f103rb/libFrameworkArduino.a(wiring_digital.c.o)
                              .pio/build/nucleo_f103rb/SrcWrapper/src/HardwareTimer.cpp.o (pinMode)
.pio/build/nucleo_f103rb/libFrameworkArduino.a(wiring_time.c.o)
                              .pio/build/nucleo_f103rb/libFrameworkArduino.a(Stream.cpp.o) (millis)
.pio/build/nucleo_f103rb/libFrameworkArduino.a(WSerial.cpp.o)
                              .pio/build/nucleo_f103rb/libFrameworkArduino.a(main.cpp.o) (serialEventRun())
.pio/build/nucleo_f103rb/libFrameworkArduino.a(board.c.o)
                              .pio/build/nucleo_f103rb/libFrameworkArduino.a(main.cpp.o) (init)
.pio/build/nucleo_f103rb/libFrameworkArduino.a(hooks.c.o)
                              .pio/build/nucleo_f103rb/libFrameworkArduino.a(wiring_time.c.o) (yield)
.pio/build/nucleo_f103rb/libFrameworkArduino.a(wiring_analog.c.o)
                              .pio/build/nucleo_f103rb/libFrameworkArduino.a(wiring_digital.c.o) (g_anOutputPinConfigured)
/Users/tylerfield/.platformio/packages/toolchain-gccarmnoneeabi/bin/../lib/gcc/arm-none-eabi/12.3.1/thumb/v7-m/nofp/libgcc.a(_arm_muldf3.o)
                              .pio/build/nucleo_f103rb/SrcWrapper/src/HardwareTimer.cpp.o (__aeabi_dmul)
/Users/tylerfield/.platformio/packages/toolchain-gccarmnoneeabi/bin/../lib/gcc/arm-none-eabi/12.3.1/thumb/v7-m/nofp/libgcc.a(_arm_mulsf3.o)
                              .pio/build/nucleo_f103rb/libFrameworkArduino.a(Print.cpp.o) (__aeabi_fmul)
/Users/tylerfield/.platformio/packages/toolchain-gccarmnoneeabi/bin/../lib/gcc/arm-none-eabi/12.3.1/thumb/v7-m/nofp/libgcc.a(_arm_addsubdf3.o)
                              .pio/build/nucleo_f103rb/libFrameworkArduino.a(Print.cpp.o) (__aeabi_dsub)
/Users/tylerfield/.platformio/packages/toolchain-gccarmnoneeabi/bin/../lib/gcc/arm-none-eabi/12.3.1/thumb/v7-m/nofp/libgcc.a(_arm_muldivdf3.o)
                              .pio/build/nucleo_f103rb/SrcWrapper/src/HardwareTimer.cpp.o (__aeabi_ddiv)
/Users/tylerfield/.platformio/packages/toolchain-gccarmnoneeabi/bin/../lib/gcc/arm-none-eabi/12.3.1/thumb/v7-m/nofp/libgcc.a(_arm_cmpdf2.o)
                              .pio/build/nucleo_f103rb/libFrameworkArduino.a(Print.cpp.o) (__aeabi_dcmplt)
/Users/tylerfield/.platformio/packages/toolchain-gccarmnoneeabi/bin/../lib/gcc/arm-none-eabi/12.3.1/thumb/v7-m/nofp/libgcc.a(_arm_unorddf2.o)
                              .pio/build/nucleo_f103rb/libFrameworkArduino.a(Print.cpp.o) (__aeabi_dcmpun)
[...]
Memory Configuration

Name             Origin             Length             Attributes
*default*        0x00000000         0xffffffff
RAM              0x20000000         0x00005000         xrw
FLASH            0x08000000         0x00020000         xr

Linker script and memory map

                0x20005000                        _estack = (ORIGIN (RAM) + LENGTH (RAM))
                0x00000200                        _Min_Heap_Size = 0x200
                0x00000400                        _Min_Stack_Size = 0x400

.isr_vector     0x08000000      0x10c
                0x08000000                        . = ALIGN (0x4)
 *(.isr_vector)
 .isr_vector    0x08000000      0x10c .pio/build/nucleo_f103rb/libFrameworkArduino.a(startup_stm32yyxx.S.o)
                0x08000000                g_pfnVectors
                0x0800010c                        . = ALIGN (0x4)

.text           0x0800010c     0x6acc
                0x0800010c                        . = ALIGN (0x4)
 *(.text)
 .text          0x0800010c       0x10 /Users/tylerfield/.platformio/packages/toolchain-gccarmnoneeabi/bin/../lib/gcc/arm-none-eabi/12.3.1/../../../../arm-none-eabi/lib/thumb/v7-m/nofp/libc_nano.a(libc_a-strlen.o)
                0x0800010c                strlen
 *(.text*)
 .text.__do_global_dtors_aux
                0x0800011c       0x24 /Users/tylerfield/.platformio/packages/toolchain-gccarmnoneeabi/bin/../lib/gcc/arm-none-eabi/12.3.1/thumb/v7-m/nofp/crtbegin.o
 .text.frame_dummy
                0x08000140       0x1c /Users/tylerfield/.platformio/packages/toolchain-gccarmnoneeabi/bin/../lib/gcc/arm-none-eabi/12.3.1/thumb/v7-m/nofp/crtbegin.o
 .text.SystemClock_Config
                0x0800015c       0x74 .pio/build/nucleo_f103rb/FrameworkArduinoVariant/variant_NUCLEO_F103RB.cpp.o
                0x0800015c                SystemClock_Config
 .text.HAL_MspInit
                0x080001d0        0x2 .pio/build/nucleo_f103rb/SrcWrapper/src/HAL/stm32yyxx_hal.c.o
                0x080001d0                HAL_MspInit
 *fill*         0x080001d2        0x2 
 .text.HAL_InitTick
                0x080001d4       0x48 .pio/build/nucleo_f103rb/SrcWrapper/src/HAL/stm32yyxx_hal.c.o
                0x080001d4                HAL_InitTick
 .text.HAL_Init
                0x0800021c       0x24 .pio/build/nucleo_f103rb/SrcWrapper/src/HAL/stm32yyxx_hal.c.o
                0x0800021c                HAL_Init
 .text.HAL_IncTick
                0x08000240       0x18 .pio/build/nucleo_f103rb/SrcWrapper/src/HAL/stm32yyxx_hal.c.o
                0x08000240                HAL_IncTick
 .text.HAL_GetTick
                0x08000258        0xc .pio/build/nucleo_f103rb/SrcWrapper/src/HAL/stm32yyxx_hal.c.o
                0x08000258                HAL_GetTick
 .text.HAL_NVIC_SetPriorityGrouping
                0x08000264       0x24 .pio/build/nucleo_f103rb/SrcWrapper/src/HAL/stm32yyxx_hal_cortex.c.o
                0x08000264                HAL_NVIC_SetPriorityGrouping
 .text.HAL_NVIC_SetPriority
                0x08000288       0x60 .pio/build/nucleo_f103rb/SrcWrapper/src/HAL/stm32yyxx_hal_cortex.c.o
                0x08000288                HAL_NVIC_SetPriority
 .text.HAL_NVIC_EnableIRQ
                0x080002e8       0x1c .pio/build/nucleo_f103rb/SrcWrapper/src/HAL/stm32yyxx_hal_cortex.c.o
                0x080002e8                HAL_NVIC_EnableIRQ
 .text.HAL_NVIC_DisableIRQ
                0x08000304       0x24 .pio/build/nucleo_f103rb/SrcWrapper/src/HAL/stm32yyxx_hal_cortex.c.o
                0x08000304                HAL_NVIC_DisableIRQ
 .text.HAL_SYSTICK_Config
                0x08000328       0x28 .pio/build/nucleo_f103rb/SrcWrapper/src/HAL/stm32yyxx_hal_cortex.c.o
                0x08000328                HAL_SYSTICK_Config
 .text.HAL_NVIC_ClearPendingIRQ
                0x08000350       0x1c .pio/build/nucleo_f103rb/SrcWrapper/src/HAL/stm32yyxx_hal_cortex.c.o
                0x08000350                HAL_NVIC_ClearPendingIRQ
 .text.HAL_SYSTICK_Callback
                0x0800036c        0x2 .pio/build/nucleo_f103rb/SrcWrapper/src/HAL/stm32yyxx_hal_cortex.c.o
                0x0800036c                HAL_SYSTICK_Callback
 .text.HAL_SYSTICK_IRQHandler
                0x0800036e        0x8 .pio/build/nucleo_f103rb/SrcWrapper/src/HAL/stm32yyxx_hal_cortex.c.o
                0x0800036e                HAL_SYSTICK_IRQHandler
 .text.HAL_CRC_MspInit
                0x08000376        0x2 .pio/build/nucleo_f103rb/SrcWrapper/src/HAL/stm32yyxx_hal_crc.c.o
                0x08000376                HAL_CRC_MspInit
 .text.HAL_CRC_Init
                0x08000378       0x20 .pio/build/nucleo_f103rb/SrcWrapper/src/HAL/stm32yyxx_hal_crc.c.o
                0x08000378                HAL_CRC_Init
 .text.HAL_DMA_Abort
                0x08000398       0x3e .pio/build/nucleo_f103rb/SrcWrapper/src/HAL/stm32yyxx_hal_dma.c.o
                0x08000398                HAL_DMA_Abort
 *fill*         0x080003d6        0x2 
 .text.HAL_DMA_Abort_IT
                0x080003d8       0x8c .pio/build/nucleo_f103rb/SrcWrapper/src/HAL/stm32yyxx_hal_dma.c.o
                0x080003d8                HAL_DMA_Abort_IT
 .text.HAL_GPIO_EXTI_IRQHandler
                0x08000464       0x18 .pio/build/nucleo_f103rb/SrcWrapper/src/HAL/stm32yyxx_hal_gpio.c.o
                0x08000464                HAL_GPIO_EXTI_IRQHandler
 .text.HAL_RCC_OscConfig
                0x0800047c      0x338 .pio/build/nucleo_f103rb/SrcWrapper/src/HAL/stm32yyxx_hal_rcc.c.o
                0x0800047c                HAL_RCC_OscConfig
 .text.HAL_RCC_GetSysClockFreq
                0x080007b4       0x4c .pio/build/nucleo_f103rb/SrcWrapper/src/HAL/stm32yyxx_hal_rcc.c.o
                0x080007b4                HAL_RCC_GetSysClockFreq
 .text.HAL_RCC_ClockConfig
                0x08000800      0x138 .pio/build/nucleo_f103rb/SrcWrapper/src/HAL/stm32yyxx_hal_rcc.c.o
                0x08000800                HAL_RCC_ClockConfig
 .text.HAL_RCC_GetPCLK1Freq
                0x08000938       0x20 .pio/build/nucleo_f103rb/SrcWrapper/src/HAL/stm32yyxx_hal_rcc.c.o
                0x08000938                HAL_RCC_GetPCLK1Freq
 .text.HAL_RCC_GetPCLK2Freq
                0x08000958       0x20 .pio/build/nucleo_f103rb/SrcWrapper/src/HAL/stm32yyxx_hal_rcc.c.o
                0x08000958                HAL_RCC_GetPCLK2Freq
 .text.HAL_RCCEx_PeriphCLKConfig
                0x08000978       0xf4 .pio/build/nucleo_f103rb/SrcWrapper/src/HAL/stm32yyxx_hal_rcc_ex.c.o
                0x08000978                HAL_RCCEx_PeriphCLKConfig
 .text.HAL_TIM_PWM_PulseFinishedCallback
                0x08000a6c        0x2 .pio/build/nucleo_f103rb/SrcWrapper/src/HAL/stm32yyxx_hal_tim.c.o
                0x08000a6c                HAL_TIM_PWM_PulseFinishedCallback
 .text.HAL_TIM_TriggerCallback
                0x08000a6e        0x2 .pio/build/nucleo_f103rb/SrcWrapper/src/HAL/stm32yyxx_hal_tim.c.o
                0x08000a6e                HAL_TIM_TriggerCallback
 .text.HAL_TIM_IRQHandler
                0x08000a70      0x128 .pio/build/nucleo_f103rb/SrcWrapper/src/HAL/stm32yyxx_hal_tim.c.o
                0x08000a70                HAL_TIM_IRQHandler
 .text.TIM_Base_SetConfig
                0x08000b98       0x64 .pio/build/nucleo_f103rb/SrcWrapper/src/HAL/stm32yyxx_hal_tim.c.o
                0x08000b98                TIM_Base_SetConfig
 .text.HAL_TIM_Base_Init
                0x08000bfc       0x58 .pio/build/nucleo_f103rb/SrcWrapper/src/HAL/stm32yyxx_hal_tim.c.o
                0x08000bfc                HAL_TIM_Base_Init
 .text.HAL_TIMEx_CommutCallback
                0x08000c54        0x2 .pio/build/nucleo_f103rb/SrcWrapper/src/HAL/stm32yyxx_hal_tim_ex.c.o
                0x08000c54                HAL_TIMEx_CommutCallback
 .text.HAL_TIMEx_BreakCallback
                0x08000c56        0x2 .pio/build/nucleo_f103rb/SrcWrapper/src/HAL/stm32yyxx_hal_tim_ex.c.o
                0x08000c56                HAL_TIMEx_BreakCallback
 .text.UART_EndRxTransfer
                0x08000c58       0x5c .pio/build/nucleo_f103rb/SrcWrapper/src/HAL/stm32yyxx_hal_uart.c.o
 .text.UART_SetConfig
                0x08000cb4       0x74 .pio/build/nucleo_f103rb/SrcWrapper/src/HAL/stm32yyxx_hal_uart.c.o
 .text.HAL_UART_MspInit
                0x08000d28        0x2 .pio/build/nucleo_f103rb/SrcWrapper/src/HAL/stm32yyxx_hal_uart.c.o
                0x08000d28                HAL_UART_MspInit
 .text.HAL_UART_Init
                0x08000d2a       0x5e .pio/build/nucleo_f103rb/SrcWrapper/src/HAL/stm32yyxx_hal_uart.c.o
                0x08000d2a                HAL_UART_Init
 .text.HAL_HalfDuplex_Init
                0x08000d88       0x66 .pio/build/nucleo_f103rb/SrcWrapper/src/HAL/stm32yyxx_hal_uart.c.o
                0x08000d88                HAL_HalfDuplex_Init
 .text.HAL_UART_Transmit_IT
                0x08000dee       0x32 .pio/build/nucleo_f103rb/SrcWrapper/src/HAL/stm32yyxx_hal_uart.c.o
                0x08000dee                HAL_UART_Transmit_IT
 .text.UART_DMAAbortOnError
                0x08000e20       0x10 .pio/build/nucleo_f103rb/SrcWrapper/src/HAL/stm32yyxx_hal_uart.c.o
 .text.HAL_UARTEx_RxEventCallback
                0x08000e30        0x2 .pio/build/nucleo_f103rb/SrcWrapper/src/HAL/stm32yyxx_hal_uart.c.o
                0x08000e30                HAL_UARTEx_RxEventCallback
 .text.UART_Receive_IT.isra.0
                0x08000e32       0xb6 .pio/build/nucleo_f103rb/SrcWrapper/src/HAL/stm32yyxx_hal_uart.c.o
 .text.HAL_UART_IRQHandler
                0x08000ee8      0x2d8 .pio/build/nucleo_f103rb/SrcWrapper/src/HAL/stm32yyxx_hal_uart.c.o
                0x08000ee8                HAL_UART_IRQHandler
 .text.HAL_HalfDuplex_EnableTransmitter
                0x080011c0       0x30 .pio/build/nucleo_f103rb/SrcWrapper/src/HAL/stm32yyxx_hal_uart.c.o
                0x080011c0                HAL_HalfDuplex_EnableTransmitter
 .text.HAL_HalfDuplex_EnableReceiver
                0x080011f0       0x30 .pio/build/nucleo_f103rb/SrcWrapper/src/HAL/stm32yyxx_hal_uart.c.o
                0x080011f0                HAL_HalfDuplex_EnableReceiver
 .text.HAL_UART_GetState
                0x08001220        0xc .pio/build/nucleo_f103rb/SrcWrapper/src/HAL/stm32yyxx_hal_uart.c.o
                0x08001220                HAL_UART_GetState
 .text.UART_Start_Receive_IT
                0x0800122c       0x32 .pio/build/nucleo_f103rb/SrcWrapper/src/HAL/stm32yyxx_hal_uart.c.o
                0x0800122c                UART_Start_Receive_IT
 .text.HAL_UART_Receive_IT
                0x0800125e       0x22 .pio/build/nucleo_f103rb/SrcWrapper/src/HAL/stm32yyxx_hal_uart.c.o
                0x0800125e                HAL_UART_Receive_IT
 .text._ZNSt8functionIFvvEEaSEDn.isra.0
                0x08001280       0x16 .pio/build/nucleo_f103rb/SrcWrapper/src/HardwareTimer.cpp.o
 .text._ZNSt14_Function_baseD2Ev
                0x08001296       0x12 .pio/build/nucleo_f103rb/SrcWrapper/src/HardwareTimer.cpp.o
                0x08001296                std::_Function_base::~_Function_base()
                0x08001296                std::_Function_base::~_Function_base()
 .text._Z15get_timer_indexP11TIM_TypeDef
                0x080012a8       0x34 .pio/build/nucleo_f103rb/SrcWrapper/src/HardwareTimer.cpp.o
                0x080012a8                get_timer_index(TIM_TypeDef*)
 .text._ZN13HardwareTimerD2Ev
                0x080012dc       0x40 .pio/build/nucleo_f103rb/SrcWrapper/src/HardwareTimer.cpp.o
                0x080012dc                HardwareTimer::~HardwareTimer()
                0x080012dc                HardwareTimer::~HardwareTimer()
 .text._ZN13HardwareTimer5setupEP11TIM_TypeDef
                0x0800131c       0x84 .pio/build/nucleo_f103rb/SrcWrapper/src/HardwareTimer.cpp.o
                0x0800131c                HardwareTimer::setup(TIM_TypeDef*)
 .text.TIM1_UP_IRQHandler
                0x080013a0       0x14 .pio/build/nucleo_f103rb/SrcWrapper/src/HardwareTimer.cpp.o
                0x080013a0                TIM1_UP_IRQHandler
 .text.TIM1_CC_IRQHandler
                0x080013b4        0x4 .pio/build/nucleo_f103rb/SrcWrapper/src/HardwareTimer.cpp.o
                0x080013b4                TIM1_CC_IRQHandler
 .text.TIM2_IRQHandler
                0x080013b8       0x14 .pio/build/nucleo_f103rb/SrcWrapper/src/HardwareTimer.cpp.o
                0x080013b8                TIM2_IRQHandler
 .text.TIM3_IRQHandler
                0x080013cc       0x14 .pio/build/nucleo_f103rb/SrcWrapper/src/HardwareTimer.cpp.o
                0x080013cc                TIM3_IRQHandler
 .text.TIM4_IRQHandler
                0x080013e0       0x14 .pio/build/nucleo_f103rb/SrcWrapper/src/HardwareTimer.cpp.o
                0x080013e0                TIM4_IRQHandler
 .text._ZNSt8functionIFvvEEC2Ev
                0x080013f4        0xc .pio/build/nucleo_f103rb/SrcWrapper/src/HardwareTimer.cpp.o
                0x080013f4                std::function<void ()>::function()
                0x080013f4                std::function<void ()>::function()
 .text._ZN13HardwareTimerC2EP11TIM_TypeDef
                0x08001400       0x2a .pio/build/nucleo_f103rb/SrcWrapper/src/HardwareTimer.cpp.o
                0x08001400                HardwareTimer::HardwareTimer(TIM_TypeDef*)
                0x08001400                HardwareTimer::HardwareTimer(TIM_TypeDef*)
 .text._ZNKSt8functionIFvvEEclEv
                0x0800142a       0x12 .pio/build/nucleo_f103rb/SrcWrapper/src/HardwareTimer.cpp.o
                0x0800142a                std::function<void ()>::operator()() const
 .text._ZN13HardwareTimer14updateCallbackEP17TIM_HandleTypeDef
                0x0800143c       0x18 .pio/build/nucleo_f103rb/SrcWrapper/src/HardwareTimer.cpp.o
                0x0800143c                HardwareTimer::updateCallback(TIM_HandleTypeDef*)
 .text.HAL_TIM_PeriodElapsedCallback
                0x08001454        0x4 .pio/build/nucleo_f103rb/SrcWrapper/src/HardwareTimer.cpp.o
                0x08001454                HAL_TIM_PeriodElapsedCallback
 .text._ZN13HardwareTimer22captureCompareCallbackEP17TIM_HandleTypeDef
                0x08001458       0x3e .pio/build/nucleo_f103rb/SrcWrapper/src/HardwareTimer.cpp.o
                0x08001458                HardwareTimer::captureCompareCallback(TIM_HandleTypeDef*)
 .text.HAL_TIM_OC_DelayElapsedCallback
                0x08001496        0x4 .pio/build/nucleo_f103rb/SrcWrapper/src/HardwareTimer.cpp.o
                0x08001496                HAL_TIM_OC_DelayElapsedCallback
 .text.HAL_TIM_IC_CaptureCallback
                0x0800149a        0x4 .pio/build/nucleo_f103rb/SrcWrapper/src/HardwareTimer.cpp.o
                0x0800149a                HAL_TIM_IC_CaptureCallback
 .text._Znwj    0x0800149e        0x4 .pio/build/nucleo_f103rb/SrcWrapper/src/new.cpp.o
                0x0800149e                operator new(unsigned int)
 .text._ZdlPvj  0x080014a2        0x4 .pio/build/nucleo_f103rb/SrcWrapper/src/new.cpp.o
                0x080014a2                operator delete(void*, unsigned int)
 *fill*         0x080014a6        0x2 
 .text.set_GPIO_Port_Clock
                0x080014a8       0xa8 .pio/build/nucleo_f103rb/SrcWrapper/src/stm32/PortNames.c.o
                0x080014a8                set_GPIO_Port_Clock
 .text.pwm_stop
                0x08001550       0x5c .pio/build/nucleo_f103rb/SrcWrapper/src/stm32/analog.cpp.o
                0x08001550                pwm_stop
 .text.getCurrentMicros
                0x080015ac       0x48 .pio/build/nucleo_f103rb/SrcWrapper/src/stm32/clock.c.o
                0x080015ac                getCurrentMicros
 .text.getCurrentMillis
                0x080015f4        0x4 .pio/build/nucleo_f103rb/SrcWrapper/src/stm32/clock.c.o
                0x080015f4                getCurrentMillis
 .text.noOsSystickHandler
                0x080015f8        0x2 .pio/build/nucleo_f103rb/SrcWrapper/src/stm32/clock.c.o
                0x080015f8                noOsSystickHandler
                0x080015f8                osSystickHandler
 .text.SysTick_Handler
                0x080015fa       0x10 .pio/build/nucleo_f103rb/SrcWrapper/src/stm32/clock.c.o
                0x080015fa                SysTick_Handler
 .text.configHSECapacitorTuning
                0x0800160a        0x2 .pio/build/nucleo_f103rb/SrcWrapper/src/stm32/clock.c.o
                0x0800160a                configHSECapacitorTuning
 .text.configIPClock
                0x0800160c       0x44 .pio/build/nucleo_f103rb/SrcWrapper/src/stm32/clock.c.o
                0x0800160c                configIPClock
 .text.dwt_init
                0x08001650       0x3c .pio/build/nucleo_f103rb/SrcWrapper/src/stm32/dwt.c.o
                0x08001650                dwt_init
 .text.hw_config_init
                0x0800168c       0x24 .pio/build/nucleo_f103rb/SrcWrapper/src/stm32/hw_config.c.o
                0x0800168c                hw_config_init
 .text.startup._ZNSt8functionIFvvEEC2EDn.constprop.0.isra.0
                0x080016b0        0xc .pio/build/nucleo_f103rb/SrcWrapper/src/stm32/interrupt.cpp.o
 .text.HAL_GPIO_EXTI_Callback
                0x080016bc       0x2c .pio/build/nucleo_f103rb/SrcWrapper/src/stm32/interrupt.cpp.o
                0x080016bc                HAL_GPIO_EXTI_Callback
 .text.EXTI0_IRQHandler
                0x080016e8        0x6 .pio/build/nucleo_f103rb/SrcWrapper/src/stm32/interrupt.cpp.o
                0x080016e8                EXTI0_IRQHandler
 .text.EXTI1_IRQHandler
                0x080016ee        0x6 .pio/build/nucleo_f103rb/SrcWrapper/src/stm32/interrupt.cpp.o
                0x080016ee                EXTI1_IRQHandler
 .text.EXTI2_IRQHandler
                0x080016f4        0x6 .pio/build/nucleo_f103rb/SrcWrapper/src/stm32/interrupt.cpp.o
                0x080016f4                EXTI2_IRQHandler
 .text.EXTI3_IRQHandler
                0x080016fa        0x6 .pio/build/nucleo_f103rb/SrcWrapper/src/stm32/interrupt.cpp.o
                0x080016fa                EXTI3_IRQHandler
 .text.EXTI4_IRQHandler
                0x08001700        0x6 .pio/build/nucleo_f103rb/SrcWrapper/src/stm32/interrupt.cpp.o
                0x08001700                EXTI4_IRQHandler
 .text.EXTI9_5_IRQHandler
                0x08001706       0x16 .pio/build/nucleo_f103rb/SrcWrapper/src/stm32/interrupt.cpp.o
                0x08001706                EXTI9_5_IRQHandler
 .text.EXTI15_10_IRQHandler
                0x0800171c       0x18 .pio/build/nucleo_f103rb/SrcWrapper/src/stm32/interrupt.cpp.o
                0x0800171c                EXTI15_10_IRQHandler
 .text.startup._GLOBAL__sub_I__Z22stm32_interrupt_enable7PinNameSt8functionIFvvEEm
                0x08001734       0xd8 .pio/build/nucleo_f103rb/SrcWrapper/src/stm32/interrupt.cpp.o
 .text.exit._GLOBAL__sub_D__Z22stm32_interrupt_enable7PinNameSt8functionIFvvEEm
                0x0800180c       0x1c .pio/build/nucleo_f103rb/SrcWrapper/src/stm32/interrupt.cpp.o
 .text.pin_SetF1AFPin
                0x08001828      0x1f8 .pio/build/nucleo_f103rb/SrcWrapper/src/stm32/pinmap.c.o
 .text.LL_GPIO_SetPinMode
                0x08001a20       0x2c .pio/build/nucleo_f103rb/SrcWrapper/src/stm32/pinmap.c.o
 .text.LL_GPIO_SetPinOutputType
                0x08001a4c       0x2c .pio/build/nucleo_f103rb/SrcWrapper/src/stm32/pinmap.c.o
 .text.pin_in_pinmap
                0x08001a78       0x1e .pio/build/nucleo_f103rb/SrcWrapper/src/stm32/pinmap.c.o
                0x08001a78                pin_in_pinmap
 *fill*         0x08001a96        0x2 
 .text.pin_function
                0x08001a98      0x18c .pio/build/nucleo_f103rb/SrcWrapper/src/stm32/pinmap.c.o
                0x08001a98                pin_function
 .text.pinmap_pinout
                0x08001c24       0x1a .pio/build/nucleo_f103rb/SrcWrapper/src/stm32/pinmap.c.o
                0x08001c24                pinmap_pinout
 .text.pinmap_find_peripheral
                0x08001c3e       0x16 .pio/build/nucleo_f103rb/SrcWrapper/src/stm32/pinmap.c.o
                0x08001c3e                pinmap_find_peripheral
 .text.pinmap_peripheral
                0x08001c54        0xc .pio/build/nucleo_f103rb/SrcWrapper/src/stm32/pinmap.c.o
                0x08001c54                pinmap_peripheral
 .text.pinmap_find_pin
                0x08001c60       0x16 .pio/build/nucleo_f103rb/SrcWrapper/src/stm32/pinmap.c.o
                0x08001c60                pinmap_find_pin
 .text.pinmap_pin
                0x08001c76        0xc .pio/build/nucleo_f103rb/SrcWrapper/src/stm32/pinmap.c.o
                0x08001c76                pinmap_pin
 .text.pinmap_merge_peripheral
                0x08001c82       0x14 .pio/build/nucleo_f103rb/SrcWrapper/src/stm32/pinmap.c.o
                0x08001c82                pinmap_merge_peripheral
 *fill*         0x08001c96        0x2 
 .text.SystemInit
                0x08001c98       0x4c .pio/build/nucleo_f103rb/SrcWrapper/src/stm32/system_stm32yyxx.c.o
                0x08001c98                SystemInit
 .text.get_timer_obj
                0x08001ce4        0x4 .pio/build/nucleo_f103rb/SrcWrapper/src/stm32/timer.c.o
                0x08001ce4                get_timer_obj
 .text.enableTimerClock
                0x08001ce8       0x88 .pio/build/nucleo_f103rb/SrcWrapper/src/stm32/timer.c.o
                0x08001ce8                enableTimerClock
 .text.disableTimerClock
                0x08001d70       0x5c .pio/build/nucleo_f103rb/SrcWrapper/src/stm32/timer.c.o
                0x08001d70                disableTimerClock
 .text.getTimerUpIrq
                0x08001dcc       0x40 .pio/build/nucleo_f103rb/SrcWrapper/src/stm32/timer.c.o
                0x08001dcc                getTimerUpIrq
 .text.getTimerCCIrq
                0x08001e0c       0x40 .pio/build/nucleo_f103rb/SrcWrapper/src/stm32/timer.c.o
                0x08001e0c                getTimerCCIrq
 .text.HAL_TIM_Base_MspInit
                0x08001e4c       0x4e .pio/build/nucleo_f103rb/SrcWrapper/src/stm32/timer.c.o
                0x08001e4c                HAL_TIM_Base_MspInit
 *fill*         0x08001e9a        0x2 
 .text.uart_init
                0x08001e9c      0x1c8 .pio/build/nucleo_f103rb/SrcWrapper/src/stm32/uart.c.o
                0x08001e9c                uart_init
 .text.serial_rx_active
                0x08002064       0x24 .pio/build/nucleo_f103rb/SrcWrapper/src/stm32/uart.c.o
                0x08002064                serial_rx_active
 .text.serial_tx_active
                0x08002088       0x24 .pio/build/nucleo_f103rb/SrcWrapper/src/stm32/uart.c.o
                0x08002088                serial_tx_active
 .text.uart_getc
                0x080020ac       0x38 .pio/build/nucleo_f103rb/SrcWrapper/src/stm32/uart.c.o
                0x080020ac                uart_getc
 .text.uart_attach_rx_callback
                0x080020e4       0x40 .pio/build/nucleo_f103rb/SrcWrapper/src/stm32/uart.c.o
                0x080020e4                uart_attach_rx_callback
 .text.uart_attach_tx_callback
                0x08002124       0x40 .pio/build/nucleo_f103rb/SrcWrapper/src/stm32/uart.c.o
                0x08002124                uart_attach_tx_callback
 .text.uart_enable_tx
                0x08002164       0x1c .pio/build/nucleo_f103rb/SrcWrapper/src/stm32/uart.c.o
                0x08002164                uart_enable_tx
 .text.uart_enable_rx
                0x08002180       0x1c .pio/build/nucleo_f103rb/SrcWrapper/src/stm32/uart.c.o
                0x08002180                uart_enable_rx
 .text.HAL_UART_RxCpltCallback
                0x0800219c        0x6 .pio/build/nucleo_f103rb/SrcWrapper/src/stm32/uart.c.o
                0x0800219c                HAL_UART_RxCpltCallback
 .text.HAL_UART_TxCpltCallback
                0x080021a2        0x6 .pio/build/nucleo_f103rb/SrcWrapper/src/stm32/uart.c.o
                0x080021a2                HAL_UART_TxCpltCallback
 .text.HAL_UART_ErrorCallback
                0x080021a8       0x7c .pio/build/nucleo_f103rb/SrcWrapper/src/stm32/uart.c.o
                0x080021a8                HAL_UART_ErrorCallback
 .text.USART1_IRQHandler
                0x08002224       0x18 .pio/build/nucleo_f103rb/SrcWrapper/src/stm32/uart.c.o
                0x08002224                USART1_IRQHandler
 .text.USART2_IRQHandler
                0x0800223c       0x1c .pio/build/nucleo_f103rb/SrcWrapper/src/stm32/uart.c.o
                0x0800223c                USART2_IRQHandler
 .text.USART3_IRQHandler
                0x08002258       0x1c .pio/build/nucleo_f103rb/SrcWrapper/src/stm32/uart.c.o
                0x08002258                USART3_IRQHandler
 .text._sbrk    0x08002274       0x3c .pio/build/nucleo_f103rb/SrcWrapper/src/syscalls.c.o
                0x08002274                _sbrk
 .text._exit    0x080022b0        0x2 .pio/build/nucleo_f103rb/SrcWrapper/src/syscalls.c.o
                0x080022b0                _exit
 *fill*         0x080022b2        0x2 
 .text._kill    0x080022b4       0x10 .pio/build/nucleo_f103rb/SrcWrapper/src/syscalls.c.o
                0x080022b4                _kill
 .text._getpid  0x080022c4        0x4 .pio/build/nucleo_f103rb/SrcWrapper/src/syscalls.c.o
                0x080022c4                _getpid
 .text._ZN12_GLOBAL__N_113hight_set_keyEPKhPh
                0x080022c8       0x7c .pio/build/nucleo_f103rb/src/algorithms/hight_exp.cpp.o
 .text._ZN12_GLOBAL__N_119hight_encrypt_blockEPKhS1_Ph
                0x08002344      0x8bc .pio/build/nucleo_f103rb/src/algorithms/hight_exp.cpp.o
 .text._ZN12_GLOBAL__N_119hight_decrypt_blockEPKhS1_Ph
                0x08002c00      0x8c4 .pio/build/nucleo_f103rb/src/algorithms/hight_exp.cpp.o
 .text._ZL20print_experiment_rowPK19__FlashStringHelperjjmhhS1_.constprop.0
                0x080034c4       0x84 .pio/build/nucleo_f103rb/src/algorithms/hight_exp.cpp.o
 .text._Z21run_hight_experimentsv
                0x08003548      0x100 .pio/build/nucleo_f103rb/src/algorithms/hight_exp.cpp.o
                0x08003548                run_hight_experiments()
 .text._ZN12_GLOBAL__N_1L8load32leEPKh
                0x08003648        0x4 .pio/build/nucleo_f103rb/src/algorithms/lea_exp.cpp.o
 .text._ZN12_GLOBAL__N_1L9store32leEPhm
                0x0800364c       0x10 .pio/build/nucleo_f103rb/src/algorithms/lea_exp.cpp.o
 .text._ZN12_GLOBAL__N_114lea128_set_keyEPKhPm
                0x0800365c      0x6a8 .pio/build/nucleo_f103rb/src/algorithms/lea_exp.cpp.o
 .text._ZN12_GLOBAL__N_120lea128_encrypt_blockEPKmPKhPh
                0x08003d04       0x8e .pio/build/nucleo_f103rb/src/algorithms/lea_exp.cpp.o
 .text._ZN12_GLOBAL__N_120lea128_decrypt_blockEPKmPKhPh
                0x08003d92       0x92 .pio/build/nucleo_f103rb/src/algorithms/lea_exp.cpp.o
 .text._ZL20print_experiment_rowPK19__FlashStringHelperjjmhhS1_.constprop.0
                0x08003e24       0x84 .pio/build/nucleo_f103rb/src/algorithms/lea_exp.cpp.o
 .text._Z19run_lea_experimentsv
                0x08003ea8      0x134 .pio/build/nucleo_f103rb/src/algorithms/lea_exp.cpp.o
                0x08003ea8                run_lea_experiments()
 .text._ZL8load32lePKh
                0x08003fdc        0x4 .pio/build/nucleo_f103rb/src/algorithms/rc5_exp.cpp.o
 .text._Z19run_rc5_experimentsv
                0x08003fe0      0x220 .pio/build/nucleo_f103rb/src/algorithms/rc5_exp.cpp.o
                0x08003fe0                run_rc5_experiments()
 .text._ZN12_GLOBAL__N_1L8load32beEPKh
                0x08004200        0x6 .pio/build/nucleo_f103rb/src/algorithms/seed_exp.cpp.o
 *fill*         0x08004206        0x2 
 .text._ZN12_GLOBAL__N_112seed_set_keyEPKhPmS2_
                0x08004208      0x17c .pio/build/nucleo_f103rb/src/algorithms/seed_exp.cpp.o
 .text._ZL20print_experiment_rowPK19__FlashStringHelperjjmhhS1_.constprop.0
                0x08004384       0x84 .pio/build/nucleo_f103rb/src/algorithms/seed_exp.cpp.o
 .text._ZN12_GLOBAL__N_116seed_crypt_blockEPKmPKhPh
                0x08004408      0x344 .pio/build/nucleo_f103rb/src/algorithms/seed_exp.cpp.o
 .text._Z20run_seed_experimentsv
                0x0800474c      0x188 .pio/build/nucleo_f103rb/src/algorithms/seed_exp.cpp.o
                0x0800474c                run_seed_experiments()
 .text._ZL20print_experiment_rowPK19__FlashStringHelperjjmhhS1_.constprop.0
                0x080048d4       0x88 .pio/build/nucleo_f103rb/src/algorithms/simeck_exp.cpp.o
 .text._ZN12_GLOBAL__N_1L20simeck64_128_decryptEPKmS1_Pm
                0x0800495c       0x78 .pio/build/nucleo_f103rb/src/algorithms/simeck_exp.cpp.o
 .text.simeck_64_128
                0x080049d4       0x6c .pio/build/nucleo_f103rb/src/algorithms/simeck_exp.cpp.o
                0x080049d4                simeck_64_128
 .text._Z22run_simeck_experimentsv
                0x08004a40       0xec .pio/build/nucleo_f103rb/src/algorithms/simeck_exp.cpp.o
                0x08004a40                run_simeck_experiments()
 .text.encrypt  0x08004b2c       0x3e .pio/build/nucleo_f103rb/src/algorithms/simon_bundle.c.o
 .text.decrypt  0x08004b6a       0x40 .pio/build/nucleo_f103rb/src/algorithms/simon_bundle.c.o
 *fill*         0x08004baa        0x2 
 .text.simon_64_128_key_schedule
                0x08004bac       0x50 .pio/build/nucleo_f103rb/src/algorithms/simon_bundle.c.o
                0x08004bac                simon_64_128_key_schedule
 .text.simon_64_128_encrypt
                0x08004bfc        0x6 .pio/build/nucleo_f103rb/src/algorithms/simon_bundle.c.o
                0x08004bfc                simon_64_128_encrypt
 .text.simon_64_128_decrypt
                0x08004c02        0x6 .pio/build/nucleo_f103rb/src/algorithms/simon_bundle.c.o
                0x08004c02                simon_64_128_decrypt
 .text._ZL20print_experiment_rowPK19__FlashStringHelperjjmhhS1_.constprop.0
                0x08004c08       0x8c .pio/build/nucleo_f103rb/src/algorithms/simon_exp.cpp.o
 .text._Z21run_simon_experimentsv
                0x08004c94      0x134 .pio/build/nucleo_f103rb/src/algorithms/simon_exp.cpp.o
                0x08004c94                run_simon_experiments()
 .text.encrypt  0x08004dc8       0x26 .pio/build/nucleo_f103rb/src/algorithms/speck_bundle.c.o
 .text.speck_64_128_key_schedule
                0x08004dee       0x38 .pio/build/nucleo_f103rb/src/algorithms/speck_bundle.c.o
                0x08004dee                speck_64_128_key_schedule
 .text.speck_64_128_encrypt
                0x08004e26        0x6 .pio/build/nucleo_f103rb/src/algorithms/speck_bundle.c.o
                0x08004e26                speck_64_128_encrypt
 .text.speck_64_128_decrypt
                0x08004e2c       0x26 .pio/build/nucleo_f103rb/src/algorithms/speck_bundle.c.o
                0x08004e2c                speck_64_128_decrypt
 *fill*         0x08004e52        0x2 
 .text._ZL20print_experiment_rowPK19__FlashStringHelperjjmhhS1_.constprop.0
                0x08004e54       0x8c .pio/build/nucleo_f103rb/src/algorithms/speck_exp.cpp.o
 .text._Z21run_speck_experimentsv
                0x08004ee0      0x134 .pio/build/nucleo_f103rb/src/algorithms/speck_exp.cpp.o
                0x08004ee0                run_speck_experiments()
 .text.load32be
                0x08005014        0x6 .pio/build/nucleo_f103rb/src/algorithms/tea_bundle.c.o
 .text.ltc_tea_setup
                0x0800501a       0x36 .pio/build/nucleo_f103rb/src/algorithms/tea_bundle.c.o
                0x0800501a                ltc_tea_setup
 .text.ltc_tea_ecb_encrypt
                0x08005050       0x8c .pio/build/nucleo_f103rb/src/algorithms/tea_bundle.c.o
                0x08005050                ltc_tea_ecb_encrypt
 .text.ltc_tea_ecb_decrypt
                0x080050dc       0x84 .pio/build/nucleo_f103rb/src/algorithms/tea_bundle.c.o
                0x080050dc                ltc_tea_ecb_decrypt
 .text._ZL20print_experiment_rowPK19__FlashStringHelperjjmhhS1_.constprop.0
                0x08005160       0x8c .pio/build/nucleo_f103rb/src/algorithms/tea_exp.cpp.o
 .text._Z19run_tea_experimentsv
                0x080051ec      0x100 .pio/build/nucleo_f103rb/src/algorithms/tea_exp.cpp.o
                0x080051ec                run_tea_experiments()
 .text._Z23run_tinyaes_experimentsv
                0x080052ec      0x114 .pio/build/nucleo_f103rb/src/algorithms/tinyaes_exp.cpp.o
                0x080052ec                run_tinyaes_experiments()
 .text.load32le
                0x08005400        0x4 .pio/build/nucleo_f103rb/src/algorithms/twofish_bundle.c.o
 .text.store32le
                0x08005404       0x10 .pio/build/nucleo_f103rb/src/algorithms/twofish_bundle.c.o
 .text.gf_mult  0x08005414      0x102 .pio/build/nucleo_f103rb/src/algorithms/twofish_bundle.c.o
 *fill*         0x08005516        0x2 
 .text.twofish_sbox
                0x08005518       0x54 .pio/build/nucleo_f103rb/src/algorithms/twofish_bundle.c.o
 .text.mds_column_mult
                0x0800556c       0x5e .pio/build/nucleo_f103rb/src/algorithms/twofish_bundle.c.o
 .text.h_func   0x080055ca      0x19a .pio/build/nucleo_f103rb/src/algorithms/twofish_bundle.c.o
 .text.g_func   0x08005764       0x80 .pio/build/nucleo_f103rb/src/algorithms/twofish_bundle.c.o
 .text.ltc_twofish_setup
                0x080057e4      0x150 .pio/build/nucleo_f103rb/src/algorithms/twofish_bundle.c.o
                0x080057e4                ltc_twofish_setup
 .text.ltc_twofish_ecb_encrypt
                0x08005934       0xfc .pio/build/nucleo_f103rb/src/algorithms/twofish_bundle.c.o
                0x08005934                ltc_twofish_ecb_encrypt
 .text.ltc_twofish_ecb_decrypt
                0x08005a30       0xf6 .pio/build/nucleo_f103rb/src/algorithms/twofish_bundle.c.o
                0x08005a30                ltc_twofish_ecb_decrypt
 *fill*         0x08005b26        0x2 
 .text._ZL20print_experiment_rowPK19__FlashStringHelperjjmhhS1_.constprop.0
                0x08005b28       0x8c .pio/build/nucleo_f103rb/src/algorithms/twofish_exp.cpp.o
 .text._Z23run_twofish_experimentsv
                0x08005bb4      0x150 .pio/build/nucleo_f103rb/src/algorithms/twofish_exp.cpp.o
                0x08005bb4                run_twofish_experiments()
 .text.setup    0x08005d04       0x28 .pio/build/nucleo_f103rb/src/main.ino.cpp.o
                0x08005d04                setup
 .text.loop     0x08005d2c       0x58 .pio/build/nucleo_f103rb/src/main.ino.cpp.o
                0x08005d2c                loop
 .text._ZNK6AES1287keySizeEv
                0x08005d84        0x4 .pio/build/nucleo_f103rb/libc4c/libCrypto.a(AES128.cpp.o)
                0x08005d84                AES128::keySize() const
                0x08005d84                AESTiny128::blockSize() const
                0x08005d84                AESTiny128::keySize() const
 .text._ZN10AESTiny12812decryptBlockEPhPKh
                0x08005d88        0x2 .pio/build/nucleo_f103rb/libc4c/libCrypto.a(AES128.cpp.o)
                0x08005d88                AESTiny128::decryptBlock(unsigned char*, unsigned char const*)
 .text._ZN10AESTiny1286setKeyEPKhj
                0x08005d8a       0x1e .pio/build/nucleo_f103rb/libc4c/libCrypto.a(AES128.cpp.o)
                0x08005d8a                AESTiny128::setKey(unsigned char const*, unsigned int)
 .text._ZN10AESTiny128D2Ev
                0x08005da8       0x20 .pio/build/nucleo_f103rb/libc4c/libCrypto.a(AES128.cpp.o)
                0x08005da8                AESTiny128::~AESTiny128()
                0x08005da8                AESTiny128::~AESTiny128()
 .text._ZN10AESTiny128D0Ev
                0x08005dc8       0x14 .pio/build/nucleo_f103rb/libc4c/libCrypto.a(AES128.cpp.o)
                0x08005dc8                AESTiny128::~AESTiny128()
 .text._ZN10AESTiny12812encryptBlockEPhPKh
                0x08005ddc      0x232 .pio/build/nucleo_f103rb/libc4c/libCrypto.a(AES128.cpp.o)
                0x08005ddc                AESTiny128::encryptBlock(unsigned char*, unsigned char const*)
 .text._ZN10AESTiny1285clearEv
                0x0800600e        0x8 .pio/build/nucleo_f103rb/libc4c/libCrypto.a(AES128.cpp.o)
                0x0800600e                AESTiny128::clear()
 *fill*         0x08006016        0x2 
 .text._ZN10AESTiny128C2Ev
                0x08006018       0x14 .pio/build/nucleo_f103rb/libc4c/libCrypto.a(AES128.cpp.o)
                0x08006018                AESTiny128::AESTiny128()
                0x08006018                AESTiny128::AESTiny128()
 .text._ZN9AESCommon20subBytesAndShiftRowsEPhPKh
                0x0800602c       0x68 .pio/build/nucleo_f103rb/libc4c/libCrypto.a(AESCommon.cpp.o)
                0x0800602c                AESCommon::subBytesAndShiftRows(unsigned char*, unsigned char const*)
 .text._ZN9AESCommon9mixColumnEPhS0_
                0x08006094       0x88 .pio/build/nucleo_f103rb/libc4c/libCrypto.a(AESCommon.cpp.o)
                0x08006094                AESCommon::mixColumn(unsigned char*, unsigned char*)
 .text._ZN9AESCommon15keyScheduleCoreEPhPKhh
                0x0800611c       0x2c .pio/build/nucleo_f103rb/libc4c/libCrypto.a(AESCommon.cpp.o)
                0x0800611c                AESCommon::keyScheduleCore(unsigned char*, unsigned char const*, unsigned char)
 .text._ZN11BlockCipherC2Ev
                0x08006148        0xc .pio/build/nucleo_f103rb/libc4c/libCrypto.a(BlockCipher.cpp.o)
                0x08006148                BlockCipher::BlockCipher()
                0x08006148                BlockCipher::BlockCipher()
 .text._ZN11BlockCipherD2Ev
                0x08006154        0x2 .pio/build/nucleo_f103rb/libc4c/libCrypto.a(BlockCipher.cpp.o)
                0x08006154                BlockCipher::~BlockCipher()
                0x08006154                BlockCipher::~BlockCipher()
 .text._Z5cleanPvj
                0x08006156       0x10 .pio/build/nucleo_f103rb/libc4c/libCrypto.a(Crypto.cpp.o)
                0x08006156                clean(void*, unsigned int)
 .text._ZN14HardwareSerial9availableEv
                0x08006166       0x10 .pio/build/nucleo_f103rb/libFrameworkArduino.a(HardwareSerial.cpp.o)
                0x08006166                HardwareSerial::available()
 .text._ZN14HardwareSerial4peekEv
                0x08006176       0x1a .pio/build/nucleo_f103rb/libFrameworkArduino.a(HardwareSerial.cpp.o)
                0x08006176                HardwareSerial::peek()
 .text._ZN14HardwareSerial17availableForWriteEv
                0x08006190       0x1c .pio/build/nucleo_f103rb/libFrameworkArduino.a(HardwareSerial.cpp.o)
                0x08006190                HardwareSerial::availableForWrite()
 .text._ZN14HardwareSerial5writeEh
                0x080061ac       0x18 .pio/build/nucleo_f103rb/libFrameworkArduino.a(HardwareSerial.cpp.o)
                0x080061ac                HardwareSerial::write(unsigned char)
 .text._ZN14HardwareSerial16_rx_complete_irqEP8serial_s
                0x080061c4       0x36 .pio/build/nucleo_f103rb/libFrameworkArduino.a(HardwareSerial.cpp.o)
                0x080061c4                HardwareSerial::_rx_complete_irq(serial_s*)
 *fill*         0x080061fa        0x2 
 .text._ZN14HardwareSerial16_tx_complete_irqEP8serial_s
                0x080061fc       0x60 .pio/build/nucleo_f103rb/libFrameworkArduino.a(HardwareSerial.cpp.o)
                0x080061fc                HardwareSerial::_tx_complete_irq(serial_s*)
 .text._ZN14HardwareSerial5writeEPKhj
                0x0800625c       0xe4 .pio/build/nucleo_f103rb/libFrameworkArduino.a(HardwareSerial.cpp.o)
                0x0800625c                HardwareSerial::write(unsigned char const*, unsigned int)
 .text._ZN14HardwareSerial4initE7PinNameS0_S0_S0_
                0x08006340       0x32 .pio/build/nucleo_f103rb/libFrameworkArduino.a(HardwareSerial.cpp.o)
                0x08006340                HardwareSerial::init(PinName, PinName, PinName, PinName)
 *fill*         0x08006372        0x2 
 .text._ZN14HardwareSerialC2EPv16HalfDuplexMode_t
                0x08006374       0x94 .pio/build/nucleo_f103rb/libFrameworkArduino.a(HardwareSerial.cpp.o)
                0x08006374                HardwareSerial::HardwareSerial(void*, HalfDuplexMode_t)
                0x08006374                HardwareSerial::HardwareSerial(void*, HalfDuplexMode_t)
 .text._ZN14HardwareSerial5flushEm
                0x08006408       0x36 .pio/build/nucleo_f103rb/libFrameworkArduino.a(HardwareSerial.cpp.o)
                0x08006408                HardwareSerial::flush(unsigned long)
 .text._ZN14HardwareSerial5flushEv
                0x0800643e        0x6 .pio/build/nucleo_f103rb/libFrameworkArduino.a(HardwareSerial.cpp.o)
                0x0800643e                HardwareSerial::flush()
 .text._ZN14HardwareSerial18enableHalfDuplexRxEv
                0x08006444       0x2c .pio/build/nucleo_f103rb/libFrameworkArduino.a(HardwareSerial.cpp.o)
                0x08006444                HardwareSerial::enableHalfDuplexRx()
 .text._ZN14HardwareSerial5beginEmh
                0x08006470       0x9c .pio/build/nucleo_f103rb/libFrameworkArduino.a(HardwareSerial.cpp.o)
                0x08006470                HardwareSerial::begin(unsigned long, unsigned char)
 .text._ZN14HardwareSerial4readEv
                0x0800650c       0x2e .pio/build/nucleo_f103rb/libFrameworkArduino.a(HardwareSerial.cpp.o)
                0x0800650c                HardwareSerial::read()
 *fill*         0x0800653a        0x2 
 .text.startup._GLOBAL__sub_I_Serial2
                0x0800653c       0x14 .pio/build/nucleo_f103rb/libFrameworkArduino.a(HardwareSerial.cpp.o)
 .text._ZN5Print5writeEPKc
                0x08006550       0x20 .pio/build/nucleo_f103rb/libFrameworkArduino.a(Print.cpp.o)
                0x08006550                Print::write(char const*)
 .text._ZN5Print5printEPK19__FlashStringHelper
                0x08006570        0x8 .pio/build/nucleo_f103rb/libFrameworkArduino.a(Print.cpp.o)
                0x08006570                Print::print(__FlashStringHelper const*)
 .text._ZN5Print5printEc
                0x08006578        0x6 .pio/build/nucleo_f103rb/libFrameworkArduino.a(Print.cpp.o)
                0x08006578                Print::print(char)
 *fill*         0x0800657e        0x2 
 .text._ZN5Print7printlnEv
                0x08006580       0x10 .pio/build/nucleo_f103rb/libFrameworkArduino.a(Print.cpp.o)
                0x08006580                Print::println()
 .text._ZN5Print7printlnEPK19__FlashStringHelper
                0x08006590       0x14 .pio/build/nucleo_f103rb/libFrameworkArduino.a(Print.cpp.o)
                0x08006590                Print::println(__FlashStringHelper const*)
 .text._ZN5Print11printNumberEmh
                0x080065a4       0x3a .pio/build/nucleo_f103rb/libFrameworkArduino.a(Print.cpp.o)
                0x080065a4                Print::printNumber(unsigned long, unsigned char)
 .text._ZN5Print5printEmi
                0x080065de       0x16 .pio/build/nucleo_f103rb/libFrameworkArduino.a(Print.cpp.o)
                0x080065de                Print::print(unsigned long, int)
 .text._ZN5Print5printEhi
                0x080065f4        0x4 .pio/build/nucleo_f103rb/libFrameworkArduino.a(Print.cpp.o)
                0x080065f4                Print::print(unsigned char, int)
 .text._ZN5Print5printEji
                0x080065f8        0x4 .pio/build/nucleo_f103rb/libFrameworkArduino.a(Print.cpp.o)
                0x080065f8                Print::print(unsigned int, int)
 .text._ZN6Stream9timedReadEv
                0x080065fc       0x2a .pio/build/nucleo_f103rb/libFrameworkArduino.a(Stream.cpp.o)
                0x080065fc                Stream::timedRead()
 .text._ZN6Stream9readBytesEPcj
                0x08006626       0x22 .pio/build/nucleo_f103rb/libFrameworkArduino.a(Stream.cpp.o)
                0x08006626                Stream::readBytes(char*, unsigned int)
 .text._ZN6Stream14readBytesUntilEcPcj
                0x08006648       0x30 .pio/build/nucleo_f103rb/libFrameworkArduino.a(Stream.cpp.o)
                0x08006648                Stream::readBytesUntil(char, char*, unsigned int)
 .text.startup._Z7premainv
                0x08006678       0x10 .pio/build/nucleo_f103rb/libFrameworkArduino.a(main.cpp.o)
                0x08006678                premain()
 .text.startup.main
                0x08006688       0x14 .pio/build/nucleo_f103rb/libFrameworkArduino.a(main.cpp.o)
                0x08006688                main
 .text.Reset_Handler
                0x0800669c       0x48 .pio/build/nucleo_f103rb/libFrameworkArduino.a(startup_stm32yyxx.S.o)
                0x0800669c                Reset_Handler
 .text.Default_Handler
                0x080066e4        0x2 .pio/build/nucleo_f103rb/libFrameworkArduino.a(startup_stm32yyxx.S.o)
                0x080066e4                USBWakeUp_IRQHandler
                0x080066e4                DebugMon_Handler
                0x080066e4                HardFault_Handler
                0x080066e4                PVD_IRQHandler
                0x080066e4                PendSV_Handler
                0x080066e4                NMI_Handler
                0x080066e4                I2C2_EV_IRQHandler
                0x080066e4                UsageFault_Handler
                0x080066e4                ADC1_2_IRQHandler
                0x080066e4                SPI1_IRQHandler
                0x080066e4                TAMPER_IRQHandler
                0x080066e4                DMA1_Channel4_IRQHandler
                0x080066e4                RTC_IRQHandler
                0x080066e4                DMA1_Channel7_IRQHandler
                0x080066e4                CAN1_RX1_IRQHandler
                0x080066e4                I2C1_EV_IRQHandler
                0x080066e4                DMA1_Channel6_IRQHandler
                0x080066e4                RCC_IRQHandler
                0x080066e4                TIM1_TRG_COM_IRQHandler
                0x080066e4                DMA1_Channel1_IRQHandler
                0x080066e4                Default_Handler
                0x080066e4                SPI2_IRQHandler
                0x080066e4                MemManage_Handler
                0x080066e4                SVC_Handler
                0x080066e4                DMA1_Channel5_IRQHandler
                0x080066e4                USB_LP_CAN1_RX0_IRQHandler
                0x080066e4                USB_HP_CAN1_TX_IRQHandler
                0x080066e4                DMA1_Channel3_IRQHandler
                0x080066e4                WWDG_IRQHandler
                0x080066e4                TIM1_BRK_IRQHandler
                0x080066e4                I2C2_ER_IRQHandler
                0x080066e4                DMA1_Channel2_IRQHandler
                0x080066e4                CAN1_SCE_IRQHandler
                0x080066e4                FLASH_IRQHandler
                0x080066e4                BusFault_Handler
                0x080066e4                I2C1_ER_IRQHandler
                0x080066e4                RTC_Alarm_IRQHandler
 *fill*         0x080066e6        0x2 
 .text.pinMode  0x080066e8       0xbc .pio/build/nucleo_f103rb/libFrameworkArduino.a(wiring_digital.c.o)
                0x080066e8                pinMode
 .text.digitalWrite
                0x080067a4       0x74 .pio/build/nucleo_f103rb/libFrameworkArduino.a(wiring_digital.c.o)
                0x080067a4                digitalWrite
 .text.millis   0x08006818        0x4 .pio/build/nucleo_f103rb/libFrameworkArduino.a(wiring_time.c.o)
                0x08006818                millis
 .text.micros   0x0800681c        0x4 .pio/build/nucleo_f103rb/libFrameworkArduino.a(wiring_time.c.o)
                0x0800681c                micros
 .text.delay    0x08006820       0x1c .pio/build/nucleo_f103rb/libFrameworkArduino.a(wiring_time.c.o)
                0x08006820                delay
 .text._Z14serialEventRunv
                0x0800683c       0x1c .pio/build/nucleo_f103rb/libFrameworkArduino.a(WSerial.cpp.o)
                0x0800683c                serialEventRun()
 .text.init     0x08006858        0x4 .pio/build/nucleo_f103rb/libFrameworkArduino.a(board.c.o)
                0x08006858                init
 .text.__empty  0x0800685c        0x2 .pio/build/nucleo_f103rb/libFrameworkArduino.a(hooks.c.o)
                0x0800685c                yield
 .text.unlikely._ZSt25__throw_bad_function_callv
                0x0800685e        0x6 /Users/tylerfield/.platformio/packages/toolchain-gccarmnoneeabi/bin/../lib/gcc/arm-none-eabi/12.3.1/../../../../arm-none-eabi/lib/thumb/v7-m/nofp/libstdc++_nano.a(functional.o)
                0x0800685e                std::__throw_bad_function_call()
 .text.abort    0x08006864        0xe /Users/tylerfield/.platformio/packages/toolchain-gccarmnoneeabi/bin/../lib/gcc/arm-none-eabi/12.3.1/../../../../arm-none-eabi/lib/thumb/v7-m/nofp/libc_nano.a(libc_a-abort.o)
                0x08006864                abort
 *fill*         0x08006872        0x2 
 .text.malloc   0x08006874       0x10 /Users/tylerfield/.platformio/packages/toolchain-gccarmnoneeabi/bin/../lib/gcc/arm-none-eabi/12.3.1/../../../../arm-none-eabi/lib/thumb/v7-m/nofp/libc_nano.a(libc_a-malloc.o)
                0x08006874                malloc
 .text.free     0x08006884       0x10 /Users/tylerfield/.platformio/packages/toolchain-gccarmnoneeabi/bin/../lib/gcc/arm-none-eabi/12.3.1/../../../../arm-none-eabi/lib/thumb/v7-m/nofp/libc_nano.a(libc_a-malloc.o)
                0x08006884                free
 .text.sbrk_aligned
                0x08006894       0x44 /Users/tylerfield/.platformio/packages/toolchain-gccarmnoneeabi/bin/../lib/gcc/arm-none-eabi/12.3.1/../../../../arm-none-eabi/lib/thumb/v7-m/nofp/libc_nano.a(libc_a-mallocr.o)
 .text._malloc_r
                0x080068d8      0x100 /Users/tylerfield/.platformio/packages/toolchain-gccarmnoneeabi/bin/../lib/gcc/arm-none-eabi/12.3.1/../../../../arm-none-eabi/lib/thumb/v7-m/nofp/libc_nano.a(libc_a-mallocr.o)
                0x080068d8                _malloc_r
 .text.__malloc_lock
                0x080069d8        0xc /Users/tylerfield/.platformio/packages/toolchain-gccarmnoneeabi/bin/../lib/gcc/arm-none-eabi/12.3.1/../../../../arm-none-eabi/lib/thumb/v7-m/nofp/libc_nano.a(libc_a-mlock.o)
                0x080069d8                __malloc_lock
 .text.__malloc_unlock
                0x080069e4        0xc /Users/tylerfield/.platformio/packages/toolchain-gccarmnoneeabi/bin/../lib/gcc/arm-none-eabi/12.3.1/../../../../arm-none-eabi/lib/thumb/v7-m/nofp/libc_nano.a(libc_a-mlock.o)
                0x080069e4                __malloc_unlock
 .text.memcmp   0x080069f0       0x20 /Users/tylerfield/.platformio/packages/toolchain-gccarmnoneeabi/bin/../lib/gcc/arm-none-eabi/12.3.1/../../../../arm-none-eabi/lib/thumb/v7-m/nofp/libc_nano.a(libc_a-memcmp.o)
                0x080069f0                memcmp
 .text.memset   0x08006a10       0x10 /Users/tylerfield/.platformio/packages/toolchain-gccarmnoneeabi/bin/../lib/gcc/arm-none-eabi/12.3.1/../../../../arm-none-eabi/lib/thumb/v7-m/nofp/libc_nano.a(libc_a-memset.o)
                0x08006a10                memset
 .text._raise_r
                0x08006a20       0x50 /Users/tylerfield/.platformio/packages/toolchain-gccarmnoneeabi/bin/../lib/gcc/arm-none-eabi/12.3.1/../../../../arm-none-eabi/lib/thumb/v7-m/nofp/libc_nano.a(libc_a-signal.o)
                0x08006a20                _raise_r
 .text.raise    0x08006a70       0x10 /Users/tylerfield/.platformio/packages/toolchain-gccarmnoneeabi/bin/../lib/gcc/arm-none-eabi/12.3.1/../../../../arm-none-eabi/lib/thumb/v7-m/nofp/libc_nano.a(libc_a-signal.o)
                0x08006a70                raise
 .text._kill_r  0x08006a80       0x24 /Users/tylerfield/.platformio/packages/toolchain-gccarmnoneeabi/bin/../lib/gcc/arm-none-eabi/12.3.1/../../../../arm-none-eabi/lib/thumb/v7-m/nofp/libc_nano.a(libc_a-signalr.o)
                0x08006a80                _kill_r
 .text._getpid_r
                0x08006aa4        0x4 /Users/tylerfield/.platformio/packages/toolchain-gccarmnoneeabi/bin/../lib/gcc/arm-none-eabi/12.3.1/../../../../arm-none-eabi/lib/thumb/v7-m/nofp/libc_nano.a(libc_a-signalr.o)
                0x08006aa4                _getpid_r
 .text._sbrk_r  0x08006aa8       0x20 /Users/tylerfield/.platformio/packages/toolchain-gccarmnoneeabi/bin/../lib/gcc/arm-none-eabi/12.3.1/../../../../arm-none-eabi/lib/thumb/v7-m/nofp/libc_nano.a(libc_a-sbrkr.o)
                0x08006aa8                _sbrk_r
 .text.__libc_init_array
                0x08006ac8       0x48 /Users/tylerfield/.platformio/packages/toolchain-gccarmnoneeabi/bin/../lib/gcc/arm-none-eabi/12.3.1/../../../../arm-none-eabi/lib/thumb/v7-m/nofp/libc_nano.a(libc_a-init.o)
                0x08006ac8                __libc_init_array
 .text.__retarget_lock_acquire_recursive
                0x08006b10        0x2 /Users/tylerfield/.platformio/packages/toolchain-gccarmnoneeabi/bin/../lib/gcc/arm-none-eabi/12.3.1/../../../../arm-none-eabi/lib/thumb/v7-m/nofp/libc_nano.a(libc_a-lock.o)
                0x08006b10                __retarget_lock_acquire_recursive
 .text.__retarget_lock_release_recursive
                0x08006b12        0x2 /Users/tylerfield/.platformio/packages/toolchain-gccarmnoneeabi/bin/../lib/gcc/arm-none-eabi/12.3.1/../../../../arm-none-eabi/lib/thumb/v7-m/nofp/libc_nano.a(libc_a-lock.o)
                0x08006b12                __retarget_lock_release_recursive
 .text.memcpy   0x08006b14       0x1c /Users/tylerfield/.platformio/packages/toolchain-gccarmnoneeabi/bin/../lib/gcc/arm-none-eabi/12.3.1/../../../../arm-none-eabi/lib/thumb/v7-m/nofp/libc_nano.a(libc_a-memcpy-stub.o)
                0x08006b14                memcpy
 .text._free_r  0x08006b30       0x90 /Users/tylerfield/.platformio/packages/toolchain-gccarmnoneeabi/bin/../lib/gcc/arm-none-eabi/12.3.1/../../../../arm-none-eabi/lib/thumb/v7-m/nofp/libc_nano.a(libc_a-freer.o)
                0x08006b30                _free_r
 *(.glue_7)
 .glue_7        0x08006bc0        0x0 linker stubs
 *(.glue_7t)
 .glue_7t       0x08006bc0        0x0 linker stubs
 *(.eh_frame)
 .eh_frame      0x08006bc0        0x0 /Users/tylerfield/.platformio/packages/toolchain-gccarmnoneeabi/bin/../lib/gcc/arm-none-eabi/12.3.1/thumb/v7-m/nofp/crtbegin.o
 *(.init)
 .init          0x08006bc0        0x4 /Users/tylerfield/.platformio/packages/toolchain-gccarmnoneeabi/bin/../lib/gcc/arm-none-eabi/12.3.1/thumb/v7-m/nofp/crti.o
                0x08006bc0                _init
 .init          0x08006bc4        0x8 /Users/tylerfield/.platformio/packages/toolchain-gccarmnoneeabi/bin/../lib/gcc/arm-none-eabi/12.3.1/thumb/v7-m/nofp/crtn.o
 *(.fini)
 .fini          0x08006bcc        0x4 /Users/tylerfield/.platformio/packages/toolchain-gccarmnoneeabi/bin/../lib/gcc/arm-none-eabi/12.3.1/thumb/v7-m/nofp/crti.o
                0x08006bcc                _fini
 .fini          0x08006bd0        0x8 /Users/tylerfield/.platformio/packages/toolchain-gccarmnoneeabi/bin/../lib/gcc/arm-none-eabi/12.3.1/thumb/v7-m/nofp/crtn.o
                0x08006bd8                        . = ALIGN (0x4)
                0x08006bd8                        _etext = .

.vfp11_veneer   0x08006bd8        0x0
 .vfp11_veneer  0x08006bd8        0x0 linker stubs

.v4_bx          0x08006bd8        0x0
 .v4_bx         0x08006bd8        0x0 linker stubs

.iplt           0x08006bd8        0x0
 .iplt          0x08006bd8        0x0 /Users/tylerfield/.platformio/packages/toolchain-gccarmnoneeabi/bin/../lib/gcc/arm-none-eabi/12.3.1/thumb/v7-m/nofp/crtbegin.o

.rodata         0x08006bd8      0xfd0
                0x08006bd8                        . = ALIGN (0x4)
 *(.rodata)
 .rodata        0x08006bd8       0x10 .pio/build/nucleo_f103rb/src/algorithms/hight_exp.cpp.o
 .rodata        0x08006be8       0x10 .pio/build/nucleo_f103rb/src/algorithms/lea_exp.cpp.o
 .rodata        0x08006bf8       0x10 .pio/build/nucleo_f103rb/src/algorithms/rc5_exp.cpp.o
 .rodata        0x08006c08       0x10 .pio/build/nucleo_f103rb/src/algorithms/seed_exp.cpp.o
 .rodata        0x08006c18       0x30 .pio/build/nucleo_f103rb/src/algorithms/simeck_exp.cpp.o
 .rodata        0x08006c48       0x20 .pio/build/nucleo_f103rb/src/algorithms/simon_exp.cpp.o
 .rodata        0x08006c68       0x20 .pio/build/nucleo_f103rb/src/algorithms/speck_exp.cpp.o
 .rodata        0x08006c88       0x10 .pio/build/nucleo_f103rb/src/algorithms/tea_exp.cpp.o
 .rodata        0x08006c98       0x10 .pio/build/nucleo_f103rb/src/algorithms/tinyaes_exp.cpp.o
 .rodata        0x08006ca8       0x10 .pio/build/nucleo_f103rb/src/algorithms/twofish_exp.cpp.o
 *(.rodata*)
 .rodata.PinMap_UART_CTS
                0x08006cb8       0x3c .pio/build/nucleo_f103rb/FrameworkArduinoVariant/PeripheralPins.c.o
                0x08006cb8                PinMap_UART_CTS
 .rodata.PinMap_UART_RTS
                0x08006cf4       0x3c .pio/build/nucleo_f103rb/FrameworkArduinoVariant/PeripheralPins.c.o
                0x08006cf4                PinMap_UART_RTS
 .rodata.PinMap_UART_RX
                0x08006d30       0x48 .pio/build/nucleo_f103rb/FrameworkArduinoVariant/PeripheralPins.c.o
                0x08006d30                PinMap_UART_RX
 .rodata.PinMap_UART_TX
                0x08006d78       0x48 .pio/build/nucleo_f103rb/FrameworkArduinoVariant/PeripheralPins.c.o
                0x08006d78                PinMap_UART_TX
 .rodata.PinMap_TIM
                0x08006dc0      0x234 .pio/build/nucleo_f103rb/FrameworkArduinoVariant/PeripheralPins.c.o
                0x08006dc0                PinMap_TIM
 .rodata.analogInputPin
                0x08006ff4       0x38 .pio/build/nucleo_f103rb/FrameworkArduinoVariant/variant_NUCLEO_F103RB.cpp.o
                0x08006ff4                analogInputPin
 .rodata.digitalPin
                0x0800702c       0xd0 .pio/build/nucleo_f103rb/FrameworkArduinoVariant/variant_NUCLEO_F103RB.cpp.o
                0x0800702c                digitalPin
 .rodata.aPredivFactorTable.0
                0x080070fc        0x2 .pio/build/nucleo_f103rb/SrcWrapper/src/HAL/stm32yyxx_hal_rcc.c.o
 .rodata.aPLLMULFactorTable.1
                0x080070fe       0x10 .pio/build/nucleo_f103rb/SrcWrapper/src/HAL/stm32yyxx_hal_rcc.c.o
 *fill*         0x0800710e        0x2 
 .rodata.pin_map_ll
                0x08007110       0x40 .pio/build/nucleo_f103rb/SrcWrapper/src/stm32/pinmap.c.o
                0x08007110                pin_map_ll
 .rodata.APBPrescTable
                0x08007150        0x8 .pio/build/nucleo_f103rb/SrcWrapper/src/stm32/system_stm32yyxx.c.o
                0x08007150                APBPrescTable
 .rodata.AHBPrescTable
                0x08007158       0x10 .pio/build/nucleo_f103rb/SrcWrapper/src/stm32/system_stm32yyxx.c.o
                0x08007158                AHBPrescTable
 .rodata._Z21run_hight_experimentsv.str1.1
                0x08007168       0x4d .pio/build/nucleo_f103rb/src/algorithms/hight_exp.cpp.o
                                 0x5e (size before relaxing)
 .rodata._ZN12_GLOBAL__N_1L8HIGHT_F1E
                0x080071b5      0x100 .pio/build/nucleo_f103rb/src/algorithms/hight_exp.cpp.o
 .rodata._ZN12_GLOBAL__N_1L8HIGHT_F0E
                0x080072b5      0x100 .pio/build/nucleo_f103rb/src/algorithms/hight_exp.cpp.o
 .rodata._ZN12_GLOBAL__N_1L5DELTAE
                0x080073b5       0x80 .pio/build/nucleo_f103rb/src/algorithms/hight_exp.cpp.o
 .rodata._Z19run_lea_experimentsv.str1.1
                0x08007435       0x65 .pio/build/nucleo_f103rb/src/algorithms/lea_exp.cpp.o
                                 0x76 (size before relaxing)
 .rodata._Z19run_rc5_experimentsv.str1.1
                0x0800749a       0x21 .pio/build/nucleo_f103rb/src/algorithms/rc5_exp.cpp.o
                                 0x2a (size before relaxing)
 .rodata._Z20run_seed_experimentsv.str1.1
                0x080074bb       0x40 .pio/build/nucleo_f103rb/src/algorithms/seed_exp.cpp.o
                                 0x62 (size before relaxing)
 .rodata._ZN12_GLOBAL__N_1L4s_s1E
                0x080074fb      0x100 .pio/build/nucleo_f103rb/src/algorithms/seed_exp.cpp.o
 .rodata._ZN12_GLOBAL__N_1L4s_s0E
                0x080075fb      0x100 .pio/build/nucleo_f103rb/src/algorithms/seed_exp.cpp.o
 *fill*         0x080076fb        0x1 
 .rodata._ZN12_GLOBAL__N_1L4s_kcE
                0x080076fc       0x40 .pio/build/nucleo_f103rb/src/algorithms/seed_exp.cpp.o
 .rodata._ZL20print_experiment_rowPK19__FlashStringHelperjjmhhS1_.constprop.0.str1.1
                0x0800773c        0xd .pio/build/nucleo_f103rb/src/algorithms/simeck_exp.cpp.o
 .rodata._Z22run_simeck_experimentsv.str1.1
                0x08007749        0xd .pio/build/nucleo_f103rb/src/algorithms/simeck_exp.cpp.o
                                 0x1e (size before relaxing)
 .rodata.z3     0x08007756       0x40 .pio/build/nucleo_f103rb/src/algorithms/simon_bundle.c.o
 .rodata._ZL20print_experiment_rowPK19__FlashStringHelperjjmhhS1_.constprop.0.str1.1
                0x08007796        0xc .pio/build/nucleo_f103rb/src/algorithms/simon_exp.cpp.o
 .rodata._Z21run_simon_experimentsv.str1.1
                0x080077a2       0x26 .pio/build/nucleo_f103rb/src/algorithms/simon_exp.cpp.o
                                 0x40 (size before relaxing)
 .rodata._ZL20print_experiment_rowPK19__FlashStringHelperjjmhhS1_.constprop.0.str1.1
                0x080077c8        0xc .pio/build/nucleo_f103rb/src/algorithms/speck_exp.cpp.o
 .rodata._Z21run_speck_experimentsv.str1.1
                0x080077d4       0x26 .pio/build/nucleo_f103rb/src/algorithms/speck_exp.cpp.o
                                 0x40 (size before relaxing)
 .rodata._ZL20print_experiment_rowPK19__FlashStringHelperjjmhhS1_.constprop.0.str1.1
                0x080077fa        0x4 .pio/build/nucleo_f103rb/src/algorithms/tea_exp.cpp.o
 .rodata._Z19run_tea_experimentsv.str1.1
                0x080077fe       0x59 .pio/build/nucleo_f103rb/src/algorithms/tea_exp.cpp.o
                                 0x62 (size before relaxing)
 .rodata._Z23run_tinyaes_experimentsv.str1.1
                0x08007857       0x2b .pio/build/nucleo_f103rb/src/algorithms/tinyaes_exp.cpp.o
                                 0x3c (size before relaxing)
 .rodata.kQBox  0x08007882       0x80 .pio/build/nucleo_f103rb/src/algorithms/twofish_bundle.c.o
 .rodata.kQOrd  0x08007902       0x14 .pio/build/nucleo_f103rb/src/algorithms/twofish_bundle.c.o
 .rodata.kRS    0x08007916       0x20 .pio/build/nucleo_f103rb/src/algorithms/twofish_bundle.c.o
 .rodata._ZL20print_experiment_rowPK19__FlashStringHelperjjmhhS1_.constprop.0.str1.1
                0x08007936        0x8 .pio/build/nucleo_f103rb/src/algorithms/twofish_exp.cpp.o
 .rodata._Z23run_twofish_experimentsv.str1.1
                0x0800793e       0xa0 .pio/build/nucleo_f103rb/src/algorithms/twofish_exp.cpp.o
                                 0xb1 (size before relaxing)
 .rodata.loop.str1.1
                0x080079de       0x34 .pio/build/nucleo_f103rb/src/main.ino.cpp.o
 *fill*         0x08007a12        0x2 
 .rodata._ZTV10AESTiny128
                0x08007a14       0x28 .pio/build/nucleo_f103rb/libc4c/libCrypto.a(AES128.cpp.o)
                0x08007a14                vtable for AESTiny128
 .rodata._ZZN9AESCommon15keyScheduleCoreEPhPKhhE4rcon
                0x08007a3c        0xb .pio/build/nucleo_f103rb/libc4c/libCrypto.a(AESCommon.cpp.o)
 .rodata._ZL4sbox
                0x08007a47      0x100 .pio/build/nucleo_f103rb/libc4c/libCrypto.a(AESCommon.cpp.o)
 *fill*         0x08007b47        0x1 
 .rodata._ZTV11BlockCipher
                0x08007b48       0x28 .pio/build/nucleo_f103rb/libc4c/libCrypto.a(BlockCipher.cpp.o)
                0x08007b48                vtable for BlockCipher
 .rodata.CSWTCH.73
                0x08007b70        0x5 .pio/build/nucleo_f103rb/libFrameworkArduino.a(HardwareSerial.cpp.o)
 *fill*         0x08007b75        0x3 
 .rodata._ZTV14HardwareSerial
                0x08007b78       0x2c .pio/build/nucleo_f103rb/libFrameworkArduino.a(HardwareSerial.cpp.o)
                0x08007b78                vtable for HardwareSerial
 .rodata._ZN5Print7printlnEv.str1.1
                0x08007ba4        0x3 .pio/build/nucleo_f103rb/libFrameworkArduino.a(Print.cpp.o)
                0x08007ba8                        . = ALIGN (0x4)
 *fill*         0x08007ba7        0x1 

.ARM.extab      0x08007ba8        0x0
                0x08007ba8                        . = ALIGN (0x4)
 *(.ARM.extab* .gnu.linkonce.armextab.*)
                0x08007ba8                        . = ALIGN (0x4)

.ARM            0x08007ba8        0x8
                0x08007ba8                        . = ALIGN (0x4)
                0x08007ba8                        __exidx_start = .
 *(.ARM.exidx*)
 .ARM.exidx     0x08007ba8        0x8 /Users/tylerfield/.platformio/packages/toolchain-gccarmnoneeabi/bin/../lib/gcc/arm-none-eabi/12.3.1/../../../../arm-none-eabi/lib/thumb/v7-m/nofp/libc_nano.a(libc_a-strlen.o)
                0x08007bb0                        __exidx_end = .
                0x08007bb0                        . = ALIGN (0x4)

.preinit_array  0x08007bb0        0x0
                0x08007bb0                        . = ALIGN (0x4)
                0x08007bb0                        PROVIDE (__preinit_array_start = .)
 *(.preinit_array*)
                0x08007bb0                        PROVIDE (__preinit_array_end = .)
                0x08007bb0                        . = ALIGN (0x4)

.init_array     0x08007bb0       0x10
                0x08007bb0                        . = ALIGN (0x4)
                0x08007bb0                        PROVIDE (__init_array_start = .)
 *(SORT_BY_NAME(.init_array.*))
 .init_array.00101
                0x08007bb0        0x4 .pio/build/nucleo_f103rb/libFrameworkArduino.a(main.cpp.o)
 *(.init_array*)
 .init_array    0x08007bb4        0x4 /Users/tylerfield/.platformio/packages/toolchain-gccarmnoneeabi/bin/../lib/gcc/arm-none-eabi/12.3.1/thumb/v7-m/nofp/crtbegin.o
 .init_array    0x08007bb8        0x4 .pio/build/nucleo_f103rb/SrcWrapper/src/stm32/interrupt.cpp.o
 .init_array    0x08007bbc        0x4 .pio/build/nucleo_f103rb/libFrameworkArduino.a(HardwareSerial.cpp.o)
                0x08007bc0                        PROVIDE (__init_array_end = .)
                0x08007bc0                        . = ALIGN (0x4)

.fini_array     0x08007bc0        0x8
                0x08007bc0                        . = ALIGN (0x4)
                0x08007bc0                        PROVIDE (__fini_array_start = .)
 *(SORT_BY_NAME(.fini_array.*))
 *(.fini_array*)
 .fini_array    0x08007bc0        0x4 /Users/tylerfield/.platformio/packages/toolchain-gccarmnoneeabi/bin/../lib/gcc/arm-none-eabi/12.3.1/thumb/v7-m/nofp/crtbegin.o
 .fini_array    0x08007bc4        0x4 .pio/build/nucleo_f103rb/SrcWrapper/src/stm32/interrupt.cpp.o
                0x08007bc8                        PROVIDE (__fini_array_end = .)
                0x08007bc8                        . = ALIGN (0x4)
                0x08007bc8                        _sidata = LOADADDR (.data)

.rel.dyn        0x08007bc8        0x0
 .rel.iplt      0x08007bc8        0x0 /Users/tylerfield/.platformio/packages/toolchain-gccarmnoneeabi/bin/../lib/gcc/arm-none-eabi/12.3.1/thumb/v7-m/nofp/crtbegin.o

.data           0x20000000       0x7c load address 0x08007bc8
                0x20000000                        . = ALIGN (0x4)
                0x20000000                        _sdata = .
 *(.data)
 *(.data*)
 .data.uwTickFreq
                0x20000000        0x1 .pio/build/nucleo_f103rb/SrcWrapper/src/HAL/stm32yyxx_hal.c.o
                0x20000000                uwTickFreq
 *fill*         0x20000001        0x3 
 .data.uwTickPrio
                0x20000004        0x4 .pio/build/nucleo_f103rb/SrcWrapper/src/HAL/stm32yyxx_hal.c.o
                0x20000004                uwTickPrio
 .data.GPIOPort
                0x20000008       0x14 .pio/build/nucleo_f103rb/SrcWrapper/src/stm32/PortNames.c.o
                0x20000008                GPIOPort
 .data.hcrc     0x2000001c        0x8 .pio/build/nucleo_f103rb/SrcWrapper/src/stm32/hw_config.c.o
                0x2000001c                hcrc
 .data.SystemCoreClock
                0x20000024        0x4 .pio/build/nucleo_f103rb/SrcWrapper/src/stm32/system_stm32yyxx.c.o
                0x20000024                SystemCoreClock
 .data.heap_end.0
                0x20000028        0x4 .pio/build/nucleo_f103rb/SrcWrapper/src/syscalls.c.o
 .data._impure_ptr
                0x2000002c        0x4 /Users/tylerfield/.platformio/packages/toolchain-gccarmnoneeabi/bin/../lib/gcc/arm-none-eabi/12.3.1/../../../../arm-none-eabi/lib/thumb/v7-m/nofp/libc_nano.a(libc_a-impure.o)
                0x2000002c                _impure_ptr
 .data._impure_data
                0x20000030       0x4c /Users/tylerfield/.platformio/packages/toolchain-gccarmnoneeabi/bin/../lib/gcc/arm-none-eabi/12.3.1/../../../../arm-none-eabi/lib/thumb/v7-m/nofp/libc_nano.a(libc_a-impure.o)
                0x20000030                _impure_data
 *(.RamFunc)
 *(.RamFunc*)
                0x2000007c                        . = ALIGN (0x4)
                0x2000007c                        _edata = .

.igot.plt       0x2000007c        0x0 load address 0x08007c44
 .igot.plt      0x2000007c        0x0 /Users/tylerfield/.platformio/packages/toolchain-gccarmnoneeabi/bin/../lib/gcc/arm-none-eabi/12.3.1/thumb/v7-m/nofp/crtbegin.o
                0x2000007c                        . = ALIGN (0x4)

.bss            0x2000007c      0x3f0 load address 0x08007c44
                0x2000007c                        _sbss = .
                0x2000007c                        __bss_start__ = _sbss
 *(.bss)
 *(.bss*)
 .bss.completed.1
                0x2000007c        0x1 /Users/tylerfield/.platformio/packages/toolchain-gccarmnoneeabi/bin/../lib/gcc/arm-none-eabi/12.3.1/thumb/v7-m/nofp/crtbegin.o
 *fill*         0x2000007d        0x3 
 .bss.object.0  0x20000080       0x18 /Users/tylerfield/.platformio/packages/toolchain-gccarmnoneeabi/bin/../lib/gcc/arm-none-eabi/12.3.1/thumb/v7-m/nofp/crtbegin.o
 .bss.uwTick    0x20000098        0x4 .pio/build/nucleo_f103rb/SrcWrapper/src/HAL/stm32yyxx_hal.c.o
                0x20000098                uwTick
 .bss.HardwareTimer_Handle
                0x2000009c       0x10 .pio/build/nucleo_f103rb/SrcWrapper/src/HardwareTimer.cpp.o
                0x2000009c                HardwareTimer_Handle
 .bss._ZL13gpio_irq_conf
                0x200000ac      0x140 .pio/build/nucleo_f103rb/SrcWrapper/src/stm32/interrupt.cpp.o
 .bss.uart_handlers
                0x200001ec        0xc .pio/build/nucleo_f103rb/SrcWrapper/src/stm32/uart.c.o
 .bss.Serial2   0x200001f8      0x118 .pio/build/nucleo_f103rb/libFrameworkArduino.a(HardwareSerial.cpp.o)
                0x200001f8                Serial2
 .bss.g_anOutputPinConfigured
                0x20000310       0x14 .pio/build/nucleo_f103rb/libFrameworkArduino.a(wiring_analog.c.o)
                0x20000310                g_anOutputPinConfigured
 .bss.__malloc_sbrk_start
                0x20000324        0x4 /Users/tylerfield/.platformio/packages/toolchain-gccarmnoneeabi/bin/../lib/gcc/arm-none-eabi/12.3.1/../../../../arm-none-eabi/lib/thumb/v7-m/nofp/libc_nano.a(libc_a-mallocr.o)
                0x20000324                __malloc_sbrk_start
 .bss.__malloc_free_list
                0x20000328        0x4 /Users/tylerfield/.platformio/packages/toolchain-gccarmnoneeabi/bin/../lib/gcc/arm-none-eabi/12.3.1/../../../../arm-none-eabi/lib/thumb/v7-m/nofp/libc_nano.a(libc_a-mallocr.o)
                0x20000328                __malloc_free_list
 .bss.__sf      0x2000032c      0x138 /Users/tylerfield/.platformio/packages/toolchain-gccarmnoneeabi/bin/../lib/gcc/arm-none-eabi/12.3.1/../../../../arm-none-eabi/lib/thumb/v7-m/nofp/libc_nano.a(libc_a-findfp.o)
                0x2000032c                __sf
 .bss.errno     0x20000464        0x4 /Users/tylerfield/.platformio/packages/toolchain-gccarmnoneeabi/bin/../lib/gcc/arm-none-eabi/12.3.1/../../../../arm-none-eabi/lib/thumb/v7-m/nofp/libc_nano.a(libc_a-reent.o)
                0x20000464                errno
 .bss.__lock___malloc_recursive_mutex
                0x20000468        0x1 /Users/tylerfield/.platformio/packages/toolchain-gccarmnoneeabi/bin/../lib/gcc/arm-none-eabi/12.3.1/../../../../arm-none-eabi/lib/thumb/v7-m/nofp/libc_nano.a(libc_a-lock.o)
                0x20000468                __lock___malloc_recursive_mutex
 *(COMMON)
                0x2000046c                        . = ALIGN (0x4)
 *fill*         0x20000469        0x3 
                0x2000046c                        _ebss = .
                0x2000046c                        __bss_end__ = _ebss
LOAD /Users/tylerfield/.platformio/packages/toolchain-gccarmnoneeabi/bin/../lib/gcc/arm-none-eabi/12.3.1/thumb/v7-m/nofp/crti.o
LOAD /Users/tylerfield/.platformio/packages/toolchain-gccarmnoneeabi/bin/../lib/gcc/arm-none-eabi/12.3.1/thumb/v7-m/nofp/crtbegin.o
LOAD /Users/tylerfield/.platformio/packages/toolchain-gccarmnoneeabi/bin/../lib/gcc/arm-none-eabi/12.3.1/../../../../arm-none-eabi/lib/thumb/v7-m/nofp/crt0.o
                0x00020000                        LD_MAX_SIZE = 0x20000
                0x00005000                        LD_MAX_DATA_SIZE = 0x5000
                0x00000000                        LD_FLASH_OFFSET = 0x0
LOAD .pio/build/nucleo_f103rb/FrameworkArduinoVariant/PeripheralPins.c.o
LOAD .pio/build/nucleo_f103rb/FrameworkArduinoVariant/generic_clock.c.o
LOAD .pio/build/nucleo_f103rb/FrameworkArduinoVariant/variant_BLUEBUTTON_F103RxT.cpp.o
LOAD .pio/build/nucleo_f103rb/FrameworkArduinoVariant/variant_NUCLEO_F103RB.cpp.o
LOAD .pio/build/nucleo_f103rb/FrameworkArduinoVariant/variant_generic.cpp.o
LOAD .pio/build/nucleo_f103rb/SrcWrapper/src/HAL/stm32yyxx_hal.c.o
LOAD .pio/build/nucleo_f103rb/SrcWrapper/src/HAL/stm32yyxx_hal_adc.c.o
LOAD .pio/build/nucleo_f103rb/SrcWrapper/src/HAL/stm32yyxx_hal_adc_ex.c.o
LOAD .pio/build/nucleo_f103rb/SrcWrapper/src/HAL/stm32yyxx_hal_can.c.o
LOAD .pio/build/nucleo_f103rb/SrcWrapper/src/HAL/stm32yyxx_hal_ccb.c.o
LOAD .pio/build/nucleo_f103rb/SrcWrapper/src/HAL/stm32yyxx_hal_cec.c.o
LOAD .pio/build/nucleo_f103rb/SrcWrapper/src/HAL/stm32yyxx_hal_comp.c.o
LOAD .pio/build/nucleo_f103rb/SrcWrapper/src/HAL/stm32yyxx_hal_comp_ex.c.o
LOAD .pio/build/nucleo_f103rb/SrcWrapper/src/HAL/stm32yyxx_hal_cordic.c.o
LOAD .pio/build/nucleo_f103rb/SrcWrapper/src/HAL/stm32yyxx_hal_cortex.c.o
LOAD .pio/build/nucleo_f103rb/SrcWrapper/src/HAL/stm32yyxx_hal_crc.c.o
LOAD .pio/build/nucleo_f103rb/SrcWrapper/src/HAL/stm32yyxx_hal_crc_ex.c.o
LOAD .pio/build/nucleo_f103rb/SrcWrapper/src/HAL/stm32yyxx_hal_cryp.c.o
LOAD .pio/build/nucleo_f103rb/SrcWrapper/src/HAL/stm32yyxx_hal_cryp_ex.c.o
LOAD .pio/build/nucleo_f103rb/SrcWrapper/src/HAL/stm32yyxx_hal_dac.c.o
LOAD .pio/build/nucleo_f103rb/SrcWrapper/src/HAL/stm32yyxx_hal_dac_ex.c.o
LOAD .pio/build/nucleo_f103rb/SrcWrapper/src/HAL/stm32yyxx_hal_dcache.c.o
LOAD .pio/build/nucleo_f103rb/SrcWrapper/src/HAL/stm32yyxx_hal_dcmi.c.o
LOAD .pio/build/nucleo_f103rb/SrcWrapper/src/HAL/stm32yyxx_hal_dcmi_ex.c.o
LOAD .pio/build/nucleo_f103rb/SrcWrapper/src/HAL/stm32yyxx_hal_dfsdm.c.o
LOAD .pio/build/nucleo_f103rb/SrcWrapper/src/HAL/stm32yyxx_hal_dfsdm_ex.c.o
LOAD .pio/build/nucleo_f103rb/SrcWrapper/src/HAL/stm32yyxx_hal_dma.c.o
LOAD .pio/build/nucleo_f103rb/SrcWrapper/src/HAL/stm32yyxx_hal_dma2d.c.o
LOAD .pio/build/nucleo_f103rb/SrcWrapper/src/HAL/stm32yyxx_hal_dma_ex.c.o
LOAD .pio/build/nucleo_f103rb/SrcWrapper/src/HAL/stm32yyxx_hal_dsi.c.o
LOAD .pio/build/nucleo_f103rb/SrcWrapper/src/HAL/stm32yyxx_hal_dts.c.o
LOAD .pio/build/nucleo_f103rb/SrcWrapper/src/HAL/stm32yyxx_hal_eth.c.o
LOAD .pio/build/nucleo_f103rb/SrcWrapper/src/HAL/stm32yyxx_hal_eth_ex.c.o
LOAD .pio/build/nucleo_f103rb/SrcWrapper/src/HAL/stm32yyxx_hal_exti.c.o
LOAD .pio/build/nucleo_f103rb/SrcWrapper/src/HAL/stm32yyxx_hal_fdcan.c.o
LOAD .pio/build/nucleo_f103rb/SrcWrapper/src/HAL/stm32yyxx_hal_firewall.c.o
LOAD .pio/build/nucleo_f103rb/SrcWrapper/src/HAL/stm32yyxx_hal_flash.c.o
LOAD .pio/build/nucleo_f103rb/SrcWrapper/src/HAL/stm32yyxx_hal_flash_ex.c.o
LOAD .pio/build/nucleo_f103rb/SrcWrapper/src/HAL/stm32yyxx_hal_flash_ramfunc.c.o
LOAD .pio/build/nucleo_f103rb/SrcWrapper/src/HAL/stm32yyxx_hal_fmac.c.o
LOAD .pio/build/nucleo_f103rb/SrcWrapper/src/HAL/stm32yyxx_hal_fmpi2c.c.o
LOAD .pio/build/nucleo_f103rb/SrcWrapper/src/HAL/stm32yyxx_hal_fmpi2c_ex.c.o
LOAD .pio/build/nucleo_f103rb/SrcWrapper/src/HAL/stm32yyxx_hal_fmpsmbus.c.o
LOAD .pio/build/nucleo_f103rb/SrcWrapper/src/HAL/stm32yyxx_hal_fmpsmbus_ex.c.o
LOAD .pio/build/nucleo_f103rb/SrcWrapper/src/HAL/stm32yyxx_hal_gfxmmu.c.o
LOAD .pio/build/nucleo_f103rb/SrcWrapper/src/HAL/stm32yyxx_hal_gfxtim.c.o
LOAD .pio/build/nucleo_f103rb/SrcWrapper/src/HAL/stm32yyxx_hal_gpio.c.o
LOAD .pio/build/nucleo_f103rb/SrcWrapper/src/HAL/stm32yyxx_hal_gpio_ex.c.o
LOAD .pio/build/nucleo_f103rb/SrcWrapper/src/HAL/stm32yyxx_hal_gpu2d.c.o
LOAD .pio/build/nucleo_f103rb/SrcWrapper/src/HAL/stm32yyxx_hal_gtzc.c.o
LOAD .pio/build/nucleo_f103rb/SrcWrapper/src/HAL/stm32yyxx_hal_hash.c.o
LOAD .pio/build/nucleo_f103rb/SrcWrapper/src/HAL/stm32yyxx_hal_hash_ex.c.o
LOAD .pio/build/nucleo_f103rb/SrcWrapper/src/HAL/stm32yyxx_hal_hcd.c.o
LOAD .pio/build/nucleo_f103rb/SrcWrapper/src/HAL/stm32yyxx_hal_hrtim.c.o
LOAD .pio/build/nucleo_f103rb/SrcWrapper/src/HAL/stm32yyxx_hal_hsem.c.o
LOAD .pio/build/nucleo_f103rb/SrcWrapper/src/HAL/stm32yyxx_hal_i2c.c.o
LOAD .pio/build/nucleo_f103rb/SrcWrapper/src/HAL/stm32yyxx_hal_i2c_ex.c.o
LOAD .pio/build/nucleo_f103rb/SrcWrapper/src/HAL/stm32yyxx_hal_i2s.c.o
LOAD .pio/build/nucleo_f103rb/SrcWrapper/src/HAL/stm32yyxx_hal_i2s_ex.c.o
LOAD .pio/build/nucleo_f103rb/SrcWrapper/src/HAL/stm32yyxx_hal_i3c.c.o
LOAD .pio/build/nucleo_f103rb/SrcWrapper/src/HAL/stm32yyxx_hal_icache.c.o
LOAD .pio/build/nucleo_f103rb/SrcWrapper/src/HAL/stm32yyxx_hal_ipcc.c.o
LOAD .pio/build/nucleo_f103rb/SrcWrapper/src/HAL/stm32yyxx_hal_irda.c.o
LOAD .pio/build/nucleo_f103rb/SrcWrapper/src/HAL/stm32yyxx_hal_iwdg.c.o
LOAD .pio/build/nucleo_f103rb/SrcWrapper/src/HAL/stm32yyxx_hal_jpeg.c.o
LOAD .pio/build/nucleo_f103rb/SrcWrapper/src/HAL/stm32yyxx_hal_lcd.c.o
LOAD .pio/build/nucleo_f103rb/SrcWrapper/src/HAL/stm32yyxx_hal_lptim.c.o
LOAD .pio/build/nucleo_f103rb/SrcWrapper/src/HAL/stm32yyxx_hal_ltdc.c.o
LOAD .pio/build/nucleo_f103rb/SrcWrapper/src/HAL/stm32yyxx_hal_ltdc_ex.c.o
LOAD .pio/build/nucleo_f103rb/SrcWrapper/src/HAL/stm32yyxx_hal_mdf.c.o
LOAD .pio/build/nucleo_f103rb/SrcWrapper/src/HAL/stm32yyxx_hal_mdios.c.o
LOAD .pio/build/nucleo_f103rb/SrcWrapper/src/HAL/stm32yyxx_hal_mdma.c.o
LOAD .pio/build/nucleo_f103rb/SrcWrapper/src/HAL/stm32yyxx_hal_mmc.c.o
LOAD .pio/build/nucleo_f103rb/SrcWrapper/src/HAL/stm32yyxx_hal_mmc_ex.c.o
LOAD .pio/build/nucleo_f103rb/SrcWrapper/src/HAL/stm32yyxx_hal_nand.c.o
LOAD .pio/build/nucleo_f103rb/SrcWrapper/src/HAL/stm32yyxx_hal_nor.c.o
LOAD .pio/build/nucleo_f103rb/SrcWrapper/src/HAL/stm32yyxx_hal_opamp.c.o
LOAD .pio/build/nucleo_f103rb/SrcWrapper/src/HAL/stm32yyxx_hal_opamp_ex.c.o
LOAD .pio/build/nucleo_f103rb/SrcWrapper/src/HAL/stm32yyxx_hal_ospi.c.o
LOAD .pio/build/nucleo_f103rb/SrcWrapper/src/HAL/stm32yyxx_hal_otfdec.c.o
LOAD .pio/build/nucleo_f103rb/SrcWrapper/src/HAL/stm32yyxx_hal_pccard.c.o
LOAD .pio/build/nucleo_f103rb/SrcWrapper/src/HAL/stm32yyxx_hal_pcd.c.o
LOAD .pio/build/nucleo_f103rb/SrcWrapper/src/HAL/stm32yyxx_hal_pcd_ex.c.o
LOAD .pio/build/nucleo_f103rb/SrcWrapper/src/HAL/stm32yyxx_hal_pka.c.o
LOAD .pio/build/nucleo_f103rb/SrcWrapper/src/HAL/stm32yyxx_hal_pssi.c.o
LOAD .pio/build/nucleo_f103rb/SrcWrapper/src/HAL/stm32yyxx_hal_pwr.c.o
LOAD .pio/build/nucleo_f103rb/SrcWrapper/src/HAL/stm32yyxx_hal_pwr_ex.c.o
LOAD .pio/build/nucleo_f103rb/SrcWrapper/src/HAL/stm32yyxx_hal_qspi.c.o
LOAD .pio/build/nucleo_f103rb/SrcWrapper/src/HAL/stm32yyxx_hal_radio.c.o
LOAD .pio/build/nucleo_f103rb/SrcWrapper/src/HAL/stm32yyxx_hal_radio_timer.c.o
LOAD .pio/build/nucleo_f103rb/SrcWrapper/src/HAL/stm32yyxx_hal_ramcfg.c.o
LOAD .pio/build/nucleo_f103rb/SrcWrapper/src/HAL/stm32yyxx_hal_ramecc.c.o
LOAD .pio/build/nucleo_f103rb/SrcWrapper/src/HAL/stm32yyxx_hal_rcc.c.o
LOAD .pio/build/nucleo_f103rb/SrcWrapper/src/HAL/stm32yyxx_hal_rcc_ex.c.o
LOAD .pio/build/nucleo_f103rb/SrcWrapper/src/HAL/stm32yyxx_hal_rng.c.o
LOAD .pio/build/nucleo_f103rb/SrcWrapper/src/HAL/stm32yyxx_hal_rng_ex.c.o
LOAD .pio/build/nucleo_f103rb/SrcWrapper/src/HAL/stm32yyxx_hal_rtc.c.o
LOAD .pio/build/nucleo_f103rb/SrcWrapper/src/HAL/stm32yyxx_hal_rtc_ex.c.o
LOAD .pio/build/nucleo_f103rb/SrcWrapper/src/HAL/stm32yyxx_hal_sai.c.o
LOAD .pio/build/nucleo_f103rb/SrcWrapper/src/HAL/stm32yyxx_hal_sai_ex.c.o
LOAD .pio/build/nucleo_f103rb/SrcWrapper/src/HAL/stm32yyxx_hal_sd.c.o
LOAD .pio/build/nucleo_f103rb/SrcWrapper/src/HAL/stm32yyxx_hal_sd_ex.c.o
LOAD .pio/build/nucleo_f103rb/SrcWrapper/src/HAL/stm32yyxx_hal_sdadc.c.o
LOAD .pio/build/nucleo_f103rb/SrcWrapper/src/HAL/stm32yyxx_hal_sdio.c.o
LOAD .pio/build/nucleo_f103rb/SrcWrapper/src/HAL/stm32yyxx_hal_sdram.c.o
LOAD .pio/build/nucleo_f103rb/SrcWrapper/src/HAL/stm32yyxx_hal_smartcard.c.o
LOAD .pio/build/nucleo_f103rb/SrcWrapper/src/HAL/stm32yyxx_hal_smartcard_ex.c.o
LOAD .pio/build/nucleo_f103rb/SrcWrapper/src/HAL/stm32yyxx_hal_smbus.c.o
LOAD .pio/build/nucleo_f103rb/SrcWrapper/src/HAL/stm32yyxx_hal_smbus_ex.c.o
LOAD .pio/build/nucleo_f103rb/SrcWrapper/src/HAL/stm32yyxx_hal_spdifrx.c.o
LOAD .pio/build/nucleo_f103rb/SrcWrapper/src/HAL/stm32yyxx_hal_spi.c.o
LOAD .pio/build/nucleo_f103rb/SrcWrapper/src/HAL/stm32yyxx_hal_spi_ex.c.o
LOAD .pio/build/nucleo_f103rb/SrcWrapper/src/HAL/stm32yyxx_hal_sram.c.o
LOAD .pio/build/nucleo_f103rb/SrcWrapper/src/HAL/stm32yyxx_hal_subghz.c.o
LOAD .pio/build/nucleo_f103rb/SrcWrapper/src/HAL/stm32yyxx_hal_swpmi.c.o
LOAD .pio/build/nucleo_f103rb/SrcWrapper/src/HAL/stm32yyxx_hal_tim.c.o
LOAD .pio/build/nucleo_f103rb/SrcWrapper/src/HAL/stm32yyxx_hal_tim_ex.c.o
LOAD .pio/build/nucleo_f103rb/SrcWrapper/src/HAL/stm32yyxx_hal_tsc.c.o
LOAD .pio/build/nucleo_f103rb/SrcWrapper/src/HAL/stm32yyxx_hal_uart.c.o
LOAD .pio/build/nucleo_f103rb/SrcWrapper/src/HAL/stm32yyxx_hal_uart_ex.c.o
LOAD .pio/build/nucleo_f103rb/SrcWrapper/src/HAL/stm32yyxx_hal_usart.c.o
LOAD .pio/build/nucleo_f103rb/SrcWrapper/src/HAL/stm32yyxx_hal_usart_ex.c.o
LOAD .pio/build/nucleo_f103rb/SrcWrapper/src/HAL/stm32yyxx_hal_wwdg.c.o
LOAD .pio/build/nucleo_f103rb/SrcWrapper/src/HAL/stm32yyxx_hal_xspi.c.o
LOAD .pio/build/nucleo_f103rb/SrcWrapper/src/HardwareTimer.cpp.o
LOAD .pio/build/nucleo_f103rb/SrcWrapper/src/LL/stm32yyxx_ll_adc.c.o
LOAD .pio/build/nucleo_f103rb/SrcWrapper/src/LL/stm32yyxx_ll_bdma.c.o
LOAD .pio/build/nucleo_f103rb/SrcWrapper/src/LL/stm32yyxx_ll_comp.c.o
LOAD .pio/build/nucleo_f103rb/SrcWrapper/src/LL/stm32yyxx_ll_cordic.c.o
LOAD .pio/build/nucleo_f103rb/SrcWrapper/src/LL/stm32yyxx_ll_crc.c.o
LOAD .pio/build/nucleo_f103rb/SrcWrapper/src/LL/stm32yyxx_ll_crs.c.o
LOAD .pio/build/nucleo_f103rb/SrcWrapper/src/LL/stm32yyxx_ll_dac.c.o
LOAD .pio/build/nucleo_f103rb/SrcWrapper/src/LL/stm32yyxx_ll_delayblock.c.o
LOAD .pio/build/nucleo_f103rb/SrcWrapper/src/LL/stm32yyxx_ll_dlyb.c.o
LOAD .pio/build/nucleo_f103rb/SrcWrapper/src/LL/stm32yyxx_ll_dma.c.o
LOAD .pio/build/nucleo_f103rb/SrcWrapper/src/LL/stm32yyxx_ll_dma2d.c.o
LOAD .pio/build/nucleo_f103rb/SrcWrapper/src/LL/stm32yyxx_ll_exti.c.o
LOAD .pio/build/nucleo_f103rb/SrcWrapper/src/LL/stm32yyxx_ll_fmac.c.o
LOAD .pio/build/nucleo_f103rb/SrcWrapper/src/LL/stm32yyxx_ll_fmc.c.o
LOAD .pio/build/nucleo_f103rb/SrcWrapper/src/LL/stm32yyxx_ll_fmpi2c.c.o
LOAD .pio/build/nucleo_f103rb/SrcWrapper/src/LL/stm32yyxx_ll_fsmc.c.o
LOAD .pio/build/nucleo_f103rb/SrcWrapper/src/LL/stm32yyxx_ll_gpio.c.o
LOAD .pio/build/nucleo_f103rb/SrcWrapper/src/LL/stm32yyxx_ll_hrtim.c.o
LOAD .pio/build/nucleo_f103rb/SrcWrapper/src/LL/stm32yyxx_ll_i2c.c.o
LOAD .pio/build/nucleo_f103rb/SrcWrapper/src/LL/stm32yyxx_ll_i3c.c.o
LOAD .pio/build/nucleo_f103rb/SrcWrapper/src/LL/stm32yyxx_ll_icache.c.o
LOAD .pio/build/nucleo_f103rb/SrcWrapper/src/LL/stm32yyxx_ll_lpgpio.c.o
LOAD .pio/build/nucleo_f103rb/SrcWrapper/src/LL/stm32yyxx_ll_lptim.c.o
LOAD .pio/build/nucleo_f103rb/SrcWrapper/src/LL/stm32yyxx_ll_lpuart.c.o
LOAD .pio/build/nucleo_f103rb/SrcWrapper/src/LL/stm32yyxx_ll_mdma.c.o
LOAD .pio/build/nucleo_f103rb/SrcWrapper/src/LL/stm32yyxx_ll_opamp.c.o
LOAD .pio/build/nucleo_f103rb/SrcWrapper/src/LL/stm32yyxx_ll_pka.c.o
LOAD .pio/build/nucleo_f103rb/SrcWrapper/src/LL/stm32yyxx_ll_pwr.c.o
LOAD .pio/build/nucleo_f103rb/SrcWrapper/src/LL/stm32yyxx_ll_rcc.c.o
LOAD .pio/build/nucleo_f103rb/SrcWrapper/src/LL/stm32yyxx_ll_rng.c.o
LOAD .pio/build/nucleo_f103rb/SrcWrapper/src/LL/stm32yyxx_ll_rtc.c.o
LOAD .pio/build/nucleo_f103rb/SrcWrapper/src/LL/stm32yyxx_ll_sdmmc.c.o
LOAD .pio/build/nucleo_f103rb/SrcWrapper/src/LL/stm32yyxx_ll_spi.c.o
LOAD .pio/build/nucleo_f103rb/SrcWrapper/src/LL/stm32yyxx_ll_swpmi.c.o
LOAD .pio/build/nucleo_f103rb/SrcWrapper/src/LL/stm32yyxx_ll_system.c.o
LOAD .pio/build/nucleo_f103rb/SrcWrapper/src/LL/stm32yyxx_ll_tim.c.o
LOAD .pio/build/nucleo_f103rb/SrcWrapper/src/LL/stm32yyxx_ll_ucpd.c.o
LOAD .pio/build/nucleo_f103rb/SrcWrapper/src/LL/stm32yyxx_ll_usart.c.o
LOAD .pio/build/nucleo_f103rb/SrcWrapper/src/LL/stm32yyxx_ll_usb.c.o
LOAD .pio/build/nucleo_f103rb/SrcWrapper/src/LL/stm32yyxx_ll_utils.c.o
LOAD .pio/build/nucleo_f103rb/SrcWrapper/src/new.cpp.o
LOAD .pio/build/nucleo_f103rb/SrcWrapper/src/stm32/PortNames.c.o
LOAD .pio/build/nucleo_f103rb/SrcWrapper/src/stm32/analog.cpp.o
LOAD .pio/build/nucleo_f103rb/SrcWrapper/src/stm32/bootloader.c.o
LOAD .pio/build/nucleo_f103rb/SrcWrapper/src/stm32/clock.c.o
LOAD .pio/build/nucleo_f103rb/SrcWrapper/src/stm32/core_callback.c.o
LOAD .pio/build/nucleo_f103rb/SrcWrapper/src/stm32/dwt.c.o
LOAD .pio/build/nucleo_f103rb/SrcWrapper/src/stm32/hw_config.c.o
LOAD .pio/build/nucleo_f103rb/SrcWrapper/src/stm32/interrupt.cpp.o
LOAD .pio/build/nucleo_f103rb/SrcWrapper/src/stm32/otp.c.o
LOAD .pio/build/nucleo_f103rb/SrcWrapper/src/stm32/pinmap.c.o
LOAD .pio/build/nucleo_f103rb/SrcWrapper/src/stm32/stm32_def.c.o
LOAD .pio/build/nucleo_f103rb/SrcWrapper/src/stm32/system_stm32yyxx.c.o
LOAD .pio/build/nucleo_f103rb/SrcWrapper/src/stm32/timer.c.o
LOAD .pio/build/nucleo_f103rb/SrcWrapper/src/stm32/uart.c.o
LOAD .pio/build/nucleo_f103rb/SrcWrapper/src/syscalls.c.o
LOAD .pio/build/nucleo_f103rb/src/algorithms/hight_exp.cpp.o
LOAD .pio/build/nucleo_f103rb/src/algorithms/lea_exp.cpp.o
LOAD .pio/build/nucleo_f103rb/src/algorithms/rc5_exp.cpp.o
LOAD .pio/build/nucleo_f103rb/src/algorithms/seed_exp.cpp.o
LOAD .pio/build/nucleo_f103rb/src/algorithms/simeck_exp.cpp.o
LOAD .pio/build/nucleo_f103rb/src/algorithms/simon_bundle.c.o
LOAD .pio/build/nucleo_f103rb/src/algorithms/simon_exp.cpp.o
LOAD .pio/build/nucleo_f103rb/src/algorithms/speck_bundle.c.o
LOAD .pio/build/nucleo_f103rb/src/algorithms/speck_exp.cpp.o
LOAD .pio/build/nucleo_f103rb/src/algorithms/tea_bundle.c.o
LOAD .pio/build/nucleo_f103rb/src/algorithms/tea_exp.cpp.o
LOAD .pio/build/nucleo_f103rb/src/algorithms/tinyaes_exp.cpp.o
LOAD .pio/build/nucleo_f103rb/src/algorithms/twofish_bundle.c.o
LOAD .pio/build/nucleo_f103rb/src/algorithms/twofish_exp.cpp.o
LOAD .pio/build/nucleo_f103rb/src/main.ino.cpp.o
START GROUP
LOAD .pio/build/nucleo_f103rb/libc4c/libCrypto.a
LOAD .pio/build/nucleo_f103rb/libFrameworkArduino.a
LOAD /Users/tylerfield/.platformio/packages/toolchain-gccarmnoneeabi/bin/../lib/gcc/arm-none-eabi/12.3.1/thumb/v7-m/nofp/libgcc.a
LOAD /Users/tylerfield/.platformio/packages/toolchain-gccarmnoneeabi/bin/../lib/gcc/arm-none-eabi/12.3.1/../../../../arm-none-eabi/lib/thumb/v7-m/nofp/libstdc++_nano.a
END GROUP
LOAD /Users/tylerfield/.platformio/packages/toolchain-gccarmnoneeabi/bin/../lib/gcc/arm-none-eabi/12.3.1/../../../../arm-none-eabi/lib/thumb/v7-m/nofp/libstdc++_nano.a
LOAD /Users/tylerfield/.platformio/packages/toolchain-gccarmnoneeabi/bin/../lib/gcc/arm-none-eabi/12.3.1/../../../../arm-none-eabi/lib/thumb/v7-m/nofp/libm.a
LOAD /Users/tylerfield/.platformio/packages/toolchain-gccarmnoneeabi/bin/../lib/gcc/arm-none-eabi/12.3.1/../../../../arm-none-eabi/lib/thumb/v7-m/nofp/libc_nano.a
START GROUP
LOAD /Users/tylerfield/.platformio/packages/toolchain-gccarmnoneeabi/bin/../lib/gcc/arm-none-eabi/12.3.1/thumb/v7-m/nofp/libgcc.a
LOAD /Users/tylerfield/.platformio/packages/toolchain-gccarmnoneeabi/bin/../lib/gcc/arm-none-eabi/12.3.1/../../../../arm-none-eabi/lib/thumb/v7-m/nofp/libc_nano.a
END GROUP
START GROUP
LOAD /Users/tylerfield/.platformio/packages/toolchain-gccarmnoneeabi/bin/../lib/gcc/arm-none-eabi/12.3.1/thumb/v7-m/nofp/libgcc.a
LOAD /Users/tylerfield/.platformio/packages/toolchain-gccarmnoneeabi/bin/../lib/gcc/arm-none-eabi/12.3.1/../../../../arm-none-eabi/lib/thumb/v7-m/nofp/libc_nano.a
END GROUP
LOAD /Users/tylerfield/.platformio/packages/toolchain-gccarmnoneeabi/bin/../lib/gcc/arm-none-eabi/12.3.1/thumb/v7-m/nofp/crtend.o
LOAD /Users/tylerfield/.platformio/packages/toolchain-gccarmnoneeabi/bin/../lib/gcc/arm-none-eabi/12.3.1/thumb/v7-m/nofp/crtn.o

.noinit         0x2000046c        0x0
                0x2000046c                        . = ALIGN (0x4)
                0x2000046c                        _snoinit = .
 *(.noinit)
 *(.noinit*)
                0x2000046c                        . = ALIGN (0x4)
                0x2000046c                        _enoinit = .

._user_heap_stack
                0x2000046c      0x604
                0x20000470                        . = ALIGN (0x8)
 *fill*         0x2000046c        0x4 
                [!provide]                        PROVIDE (end = .)
                0x20000470                        PROVIDE (_end = .)
                0x20000670                        . = (. + _Min_Heap_Size)
 *fill*         0x20000470      0x200 
                0x20000a70                        . = (. + _Min_Stack_Size)
 *fill*         0x20000670      0x400 
                0x20000a70                        . = ALIGN (0x8)

/DISCARD/
 libc.a(*)
 libm.a(*)
 libgcc.a(*)

.ARM.attributes
                0x00000000       0x29
 *(.ARM.attributes)
 .ARM.attributes
                0x00000000       0x1d /Users/tylerfield/.platformio/packages/toolchain-gccarmnoneeabi/bin/../lib/gcc/arm-none-eabi/12.3.1/thumb/v7-m/nofp/crti.o
 .ARM.attributes
                0x0000001d       0x2d /Users/tylerfield/.platformio/packages/toolchain-gccarmnoneeabi/bin/../lib/gcc/arm-none-eabi/12.3.1/thumb/v7-m/nofp/crtbegin.o
 .ARM.attributes
                0x0000004a       0x2d .pio/build/nucleo_f103rb/FrameworkArduinoVariant/PeripheralPins.c.o
 .ARM.attributes
                0x00000077       0x2d .pio/build/nucleo_f103rb/FrameworkArduinoVariant/variant_NUCLEO_F103RB.cpp.o
 .ARM.attributes
                0x000000a4       0x2d .pio/build/nucleo_f103rb/SrcWrapper/src/HAL/stm32yyxx_hal.c.o
 .ARM.attributes
                0x000000d1       0x2d .pio/build/nucleo_f103rb/SrcWrapper/src/HAL/stm32yyxx_hal_cortex.c.o
 .ARM.attributes
                0x000000fe       0x2d .pio/build/nucleo_f103rb/SrcWrapper/src/HAL/stm32yyxx_hal_crc.c.o
 .ARM.attributes
                0x0000012b       0x2d .pio/build/nucleo_f103rb/SrcWrapper/src/HAL/stm32yyxx_hal_dma.c.o
 .ARM.attributes
                0x00000158       0x2d .pio/build/nucleo_f103rb/SrcWrapper/src/HAL/stm32yyxx_hal_gpio.c.o
 .ARM.attributes
                0x00000185       0x2d .pio/build/nucleo_f103rb/SrcWrapper/src/HAL/stm32yyxx_hal_rcc.c.o
 .ARM.attributes
                0x000001b2       0x2d .pio/build/nucleo_f103rb/SrcWrapper/src/HAL/stm32yyxx_hal_rcc_ex.c.o
 .ARM.attributes
                0x000001df       0x2d .pio/build/nucleo_f103rb/SrcWrapper/src/HAL/stm32yyxx_hal_tim.c.o
 .ARM.attributes
                0x0000020c       0x2d .pio/build/nucleo_f103rb/SrcWrapper/src/HAL/stm32yyxx_hal_tim_ex.c.o
 .ARM.attributes
                0x00000239       0x2d .pio/build/nucleo_f103rb/SrcWrapper/src/HAL/stm32yyxx_hal_uart.c.o
 .ARM.attributes
                0x00000266       0x2d .pio/build/nucleo_f103rb/SrcWrapper/src/HardwareTimer.cpp.o
 .ARM.attributes
                0x00000293       0x2d .pio/build/nucleo_f103rb/SrcWrapper/src/new.cpp.o
 .ARM.attributes
                0x000002c0       0x2d .pio/build/nucleo_f103rb/SrcWrapper/src/stm32/PortNames.c.o
 .ARM.attributes
                0x000002ed       0x2d .pio/build/nucleo_f103rb/SrcWrapper/src/stm32/analog.cpp.o
 .ARM.attributes
                0x0000031a       0x2d .pio/build/nucleo_f103rb/SrcWrapper/src/stm32/clock.c.o
 .ARM.attributes
                0x00000347       0x2d .pio/build/nucleo_f103rb/SrcWrapper/src/stm32/dwt.c.o
 .ARM.attributes
                0x00000374       0x2d .pio/build/nucleo_f103rb/SrcWrapper/src/stm32/hw_config.c.o
 .ARM.attributes
                0x000003a1       0x2d .pio/build/nucleo_f103rb/SrcWrapper/src/stm32/interrupt.cpp.o
 .ARM.attributes
                0x000003ce       0x2d .pio/build/nucleo_f103rb/SrcWrapper/src/stm32/pinmap.c.o
 .ARM.attributes
                0x000003fb       0x2d .pio/build/nucleo_f103rb/SrcWrapper/src/stm32/system_stm32yyxx.c.o
 .ARM.attributes
                0x00000428       0x2d .pio/build/nucleo_f103rb/SrcWrapper/src/stm32/timer.c.o
 .ARM.attributes
                0x00000455       0x2d .pio/build/nucleo_f103rb/SrcWrapper/src/stm32/uart.c.o
 .ARM.attributes
                0x00000482       0x2d .pio/build/nucleo_f103rb/SrcWrapper/src/syscalls.c.o
 .ARM.attributes
                0x000004af       0x2d .pio/build/nucleo_f103rb/src/algorithms/hight_exp.cpp.o
 .ARM.attributes
                0x000004dc       0x2d .pio/build/nucleo_f103rb/src/algorithms/lea_exp.cpp.o
 .ARM.attributes
                0x00000509       0x2d .pio/build/nucleo_f103rb/src/algorithms/rc5_exp.cpp.o
 .ARM.attributes
                0x00000536       0x2d .pio/build/nucleo_f103rb/src/algorithms/seed_exp.cpp.o
 .ARM.attributes
                0x00000563       0x2d .pio/build/nucleo_f103rb/src/algorithms/simeck_exp.cpp.o
 .ARM.attributes
                0x00000590       0x2d .pio/build/nucleo_f103rb/src/algorithms/simon_bundle.c.o
 .ARM.attributes
                0x000005bd       0x2d .pio/build/nucleo_f103rb/src/algorithms/simon_exp.cpp.o
 .ARM.attributes
                0x000005ea       0x2d .pio/build/nucleo_f103rb/src/algorithms/speck_bundle.c.o
 .ARM.attributes
                0x00000617       0x2d .pio/build/nucleo_f103rb/src/algorithms/speck_exp.cpp.o
 .ARM.attributes
                0x00000644       0x2d .pio/build/nucleo_f103rb/src/algorithms/tea_bundle.c.o
 .ARM.attributes
                0x00000671       0x2d .pio/build/nucleo_f103rb/src/algorithms/tea_exp.cpp.o
 .ARM.attributes
                0x0000069e       0x2d .pio/build/nucleo_f103rb/src/algorithms/tinyaes_exp.cpp.o
 .ARM.attributes
                0x000006cb       0x2d .pio/build/nucleo_f103rb/src/algorithms/twofish_bundle.c.o
 .ARM.attributes
                0x000006f8       0x2d .pio/build/nucleo_f103rb/src/algorithms/twofish_exp.cpp.o
 .ARM.attributes
                0x00000725       0x2d .pio/build/nucleo_f103rb/src/main.ino.cpp.o
 .ARM.attributes
                0x00000752       0x2d .pio/build/nucleo_f103rb/libc4c/libCrypto.a(AES128.cpp.o)
 .ARM.attributes
                0x0000077f       0x2d .pio/build/nucleo_f103rb/libc4c/libCrypto.a(AESCommon.cpp.o)
 .ARM.attributes
                0x000007ac       0x2d .pio/build/nucleo_f103rb/libc4c/libCrypto.a(BlockCipher.cpp.o)
 .ARM.attributes
                0x000007d9       0x2d .pio/build/nucleo_f103rb/libc4c/libCrypto.a(Crypto.cpp.o)